Component: ARM Compiler 5.05 update 2 (build 169) Tool: armlink [4d0f33]

==============================================================================

Section Cross References

    usbd_cdc.o(i.USBD_CDC_DataOut) refers to usbd_conf.o(i.USBD_LL_GetRxDataSize) for USBD_LL_GetRxDataSize
    usbd_cdc.o(i.USBD_CDC_DeInit) refers to usbd_conf.o(i.USBD_LL_CloseEP) for USBD_LL_CloseEP
    usbd_cdc.o(i.USBD_CDC_DeInit) refers to usbd_conf.o(i.USBD_static_free) for USBD_static_free
    usbd_cdc.o(i.USBD_CDC_GetDeviceQualifierDescriptor) refers to usbd_cdc.o(.data) for .data
    usbd_cdc.o(i.USBD_CDC_GetFSCfgDesc) refers to usbd_cdc.o(.data) for .data
    usbd_cdc.o(i.USBD_CDC_GetHSCfgDesc) refers to usbd_cdc.o(.data) for .data
    usbd_cdc.o(i.USBD_CDC_GetOtherSpeedCfgDesc) refers to usbd_cdc.o(.data) for .data
    usbd_cdc.o(i.USBD_CDC_Init) refers to usbd_conf.o(i.USBD_LL_OpenEP) for USBD_LL_OpenEP
    usbd_cdc.o(i.USBD_CDC_Init) refers to usbd_conf.o(i.USBD_static_malloc) for USBD_static_malloc
    usbd_cdc.o(i.USBD_CDC_Init) refers to usbd_conf.o(i.USBD_LL_PrepareReceive) for USBD_LL_PrepareReceive
    usbd_cdc.o(i.USBD_CDC_ReceivePacket) refers to usbd_conf.o(i.USBD_LL_PrepareReceive) for USBD_LL_PrepareReceive
    usbd_cdc.o(i.USBD_CDC_Setup) refers to usbd_ioreq.o(i.USBD_CtlPrepareRx) for USBD_CtlPrepareRx
    usbd_cdc.o(i.USBD_CDC_Setup) refers to usbd_ioreq.o(i.USBD_CtlSendData) for USBD_CtlSendData
    usbd_cdc.o(i.USBD_CDC_Setup) refers to usbd_cdc.o(.data) for .data
    usbd_cdc.o(i.USBD_CDC_TransmitPacket) refers to usbd_conf.o(i.USBD_LL_Transmit) for USBD_LL_Transmit
    usbd_cdc.o(.data) refers to usbd_cdc.o(i.USBD_CDC_Init) for USBD_CDC_Init
    usbd_cdc.o(.data) refers to usbd_cdc.o(i.USBD_CDC_DeInit) for USBD_CDC_DeInit
    usbd_cdc.o(.data) refers to usbd_cdc.o(i.USBD_CDC_Setup) for USBD_CDC_Setup
    usbd_cdc.o(.data) refers to usbd_cdc.o(i.USBD_CDC_EP0_RxReady) for USBD_CDC_EP0_RxReady
    usbd_cdc.o(.data) refers to usbd_cdc.o(i.USBD_CDC_DataIn) for USBD_CDC_DataIn
    usbd_cdc.o(.data) refers to usbd_cdc.o(i.USBD_CDC_DataOut) for USBD_CDC_DataOut
    usbd_cdc.o(.data) refers to usbd_cdc.o(i.USBD_CDC_GetHSCfgDesc) for USBD_CDC_GetHSCfgDesc
    usbd_cdc.o(.data) refers to usbd_cdc.o(i.USBD_CDC_GetFSCfgDesc) for USBD_CDC_GetFSCfgDesc
    usbd_cdc.o(.data) refers to usbd_cdc.o(i.USBD_CDC_GetOtherSpeedCfgDesc) for USBD_CDC_GetOtherSpeedCfgDesc
    usbd_cdc.o(.data) refers to usbd_cdc.o(i.USBD_CDC_GetDeviceQualifierDescriptor) for USBD_CDC_GetDeviceQualifierDescriptor
    usbd_core.o(i.USBD_DeInit) refers to usbd_conf.o(i.USBD_LL_Stop) for USBD_LL_Stop
    usbd_core.o(i.USBD_DeInit) refers to usbd_conf.o(i.USBD_LL_DeInit) for USBD_LL_DeInit
    usbd_core.o(i.USBD_Init) refers to usbd_conf.o(i.USBD_LL_Init) for USBD_LL_Init
    usbd_core.o(i.USBD_LL_DataInStage) refers to usbd_ioreq.o(i.USBD_CtlContinueSendData) for USBD_CtlContinueSendData
    usbd_core.o(i.USBD_LL_DataInStage) refers to usbd_conf.o(i.USBD_LL_PrepareReceive) for USBD_LL_PrepareReceive
    usbd_core.o(i.USBD_LL_DataInStage) refers to usbd_ioreq.o(i.USBD_CtlReceiveStatus) for USBD_CtlReceiveStatus
    usbd_core.o(i.USBD_LL_DataOutStage) refers to usbd_ioreq.o(i.USBD_CtlContinueRx) for USBD_CtlContinueRx
    usbd_core.o(i.USBD_LL_DataOutStage) refers to usbd_ioreq.o(i.USBD_CtlSendStatus) for USBD_CtlSendStatus
    usbd_core.o(i.USBD_LL_Reset) refers to usbd_conf.o(i.USBD_LL_OpenEP) for USBD_LL_OpenEP
    usbd_core.o(i.USBD_LL_SetupStage) refers to usbd_ctlreq.o(i.USBD_ParseSetupRequest) for USBD_ParseSetupRequest
    usbd_core.o(i.USBD_LL_SetupStage) refers to usbd_conf.o(i.USBD_LL_StallEP) for USBD_LL_StallEP
    usbd_core.o(i.USBD_LL_SetupStage) refers to usbd_ctlreq.o(i.USBD_StdDevReq) for USBD_StdDevReq
    usbd_core.o(i.USBD_LL_SetupStage) refers to usbd_ctlreq.o(i.USBD_StdItfReq) for USBD_StdItfReq
    usbd_core.o(i.USBD_LL_SetupStage) refers to usbd_ctlreq.o(i.USBD_StdEPReq) for USBD_StdEPReq
    usbd_core.o(i.USBD_Start) refers to usbd_conf.o(i.USBD_LL_Start) for USBD_LL_Start
    usbd_core.o(i.USBD_Stop) refers to usbd_conf.o(i.USBD_LL_Stop) for USBD_LL_Stop
    usbd_ctlreq.o(i.USBD_CtlError) refers to usbd_conf.o(i.USBD_LL_StallEP) for USBD_LL_StallEP
    usbd_ctlreq.o(i.USBD_GetDescriptor) refers to usbd_ctlreq.o(i.USBD_CtlError) for USBD_CtlError
    usbd_ctlreq.o(i.USBD_GetDescriptor) refers to usbd_ioreq.o(i.USBD_CtlSendData) for USBD_CtlSendData
    usbd_ctlreq.o(i.USBD_SetConfig) refers to usbd_core.o(i.USBD_ClrClassConfig) for USBD_ClrClassConfig
    usbd_ctlreq.o(i.USBD_SetConfig) refers to usbd_core.o(i.USBD_SetClassConfig) for USBD_SetClassConfig
    usbd_ctlreq.o(i.USBD_SetConfig) refers to usbd_ioreq.o(i.USBD_CtlSendStatus) for USBD_CtlSendStatus
    usbd_ctlreq.o(i.USBD_SetConfig) refers to usbd_ctlreq.o(i.USBD_CtlError) for USBD_CtlError
    usbd_ctlreq.o(i.USBD_SetConfig) refers to usbd_ctlreq.o(.data) for .data
[...]
    ../clib/microlib/init/entry.s            0x00000000   Number         0  entry7b.o ABSOLUTE
    ../clib/microlib/init/entry.s            0x00000000   Number         0  entry.o ABSOLUTE
    ../clib/microlib/init/entry.s            0x00000000   Number         0  entry2.o ABSOLUTE
    ../clib/microlib/init/entry.s            0x00000000   Number         0  entry5.o ABSOLUTE
    ../clib/microlib/init/entry.s            0x00000000   Number         0  entry7a.o ABSOLUTE
    ../clib/microlib/longlong.c              0x00000000   Number         0  llushr.o ABSOLUTE
    ../clib/microlib/string/memcpy.c         0x00000000   Number         0  memcpyb.o ABSOLUTE
    ../clib/microlib/string/memcpy.c         0x00000000   Number         0  memcpya.o ABSOLUTE
    ../clib/microlib/string/strlen.c         0x00000000   Number         0  strlen.o ABSOLUTE
    ..\Drivers\STM32F1xx_HAL_Driver\Src\stm32f1xx_hal.c 0x00000000   Number         0  stm32f1xx_hal.o ABSOLUTE
    ..\Drivers\STM32F1xx_HAL_Driver\Src\stm32f1xx_hal_cortex.c 0x00000000   Number         0  stm32f1xx_hal_cortex.o ABSOLUTE
    ..\Drivers\STM32F1xx_HAL_Driver\Src\stm32f1xx_hal_dma.c 0x00000000   Number         0  stm32f1xx_hal_dma.o ABSOLUTE
    ..\Drivers\STM32F1xx_HAL_Driver\Src\stm32f1xx_hal_flash.c 0x00000000   Number         0  stm32f1xx_hal_flash.o ABSOLUTE
    ..\Drivers\STM32F1xx_HAL_Driver\Src\stm32f1xx_hal_flash_ex.c 0x00000000   Number         0  stm32f1xx_hal_flash_ex.o ABSOLUTE
    ..\Drivers\STM32F1xx_HAL_Driver\Src\stm32f1xx_hal_gpio.c 0x00000000   Number         0  stm32f1xx_hal_gpio.o ABSOLUTE
    ..\Drivers\STM32F1xx_HAL_Driver\Src\stm32f1xx_hal_gpio_ex.c 0x00000000   Number         0  stm32f1xx_hal_gpio_ex.o ABSOLUTE
    ..\Drivers\STM32F1xx_HAL_Driver\Src\stm32f1xx_hal_i2c.c 0x00000000   Number         0  stm32f1xx_hal_i2c.o ABSOLUTE
    ..\Drivers\STM32F1xx_HAL_Driver\Src\stm32f1xx_hal_pcd.c 0x00000000   Number         0  stm32f1xx_hal_pcd.o ABSOLUTE
    ..\Drivers\STM32F1xx_HAL_Driver\Src\stm32f1xx_hal_pcd_ex.c 0x00000000   Number         0  stm32f1xx_hal_pcd_ex.o ABSOLUTE
    ..\Drivers\STM32F1xx_HAL_Driver\Src\stm32f1xx_hal_pwr.c 0x00000000   Number         0  stm32f1xx_hal_pwr.o ABSOLUTE
    ..\Drivers\STM32F1xx_HAL_Driver\Src\stm32f1xx_hal_rcc.c 0x00000000   Number         0  stm32f1xx_hal_rcc.o ABSOLUTE
    ..\Drivers\STM32F1xx_HAL_Driver\Src\stm32f1xx_hal_rcc_ex.c 0x00000000   Number         0  stm32f1xx_hal_rcc_ex.o ABSOLUTE
    ..\Drivers\STM32F1xx_HAL_Driver\Src\stm32f1xx_hal_spi.c 0x00000000   Number         0  stm32f1xx_hal_spi.o ABSOLUTE
    ..\Drivers\STM32F1xx_HAL_Driver\Src\stm32f1xx_hal_spi_ex.c 0x00000000   Number         0  stm32f1xx_hal_spi_ex.o ABSOLUTE
    ..\Drivers\STM32F1xx_HAL_Driver\Src\stm32f1xx_hal_tim.c 0x00000000   Number         0  stm32f1xx_hal_tim.o ABSOLUTE
    ..\Drivers\STM32F1xx_HAL_Driver\Src\stm32f1xx_hal_tim_ex.c 0x00000000   Number         0  stm32f1xx_hal_tim_ex.o ABSOLUTE
    ..\Drivers\STM32F1xx_HAL_Driver\Src\stm32f1xx_hal_uart.c 0x00000000   Number         0  stm32f1xx_hal_uart.o ABSOLUTE
    ..\Drivers\STM32F1xx_HAL_Driver\Src\stm32f1xx_ll_usb.c 0x00000000   Number         0  stm32f1xx_ll_usb.o ABSOLUTE
    ..\Middlewares\ST\STM32_USB_Device_Library\Class\CDC\Src\usbd_cdc.c 0x00000000   Number         0  usbd_cdc.o ABSOLUTE
    ..\Middlewares\ST\STM32_USB_Device_Library\Core\Src\usbd_core.c 0x00000000   Number         0  usbd_core.o ABSOLUTE
    ..\Middlewares\ST\STM32_USB_Device_Library\Core\Src\usbd_ctlreq.c 0x00000000   Number         0  usbd_ctlreq.o ABSOLUTE
    ..\Middlewares\ST\STM32_USB_Device_Library\Core\Src\usbd_ioreq.c 0x00000000   Number         0  usbd_ioreq.o ABSOLUTE
    ..\Src\main.c                            0x00000000   Number         0  main.o ABSOLUTE
    ..\Src\stm32f1xx_hal_msp.c               0x00000000   Number         0  stm32f1xx_hal_msp.o ABSOLUTE
    ..\Src\stm32f1xx_it.c                    0x00000000   Number         0  stm32f1xx_it.o ABSOLUTE
    ..\Src\system_stm32f1xx.c                0x00000000   Number         0  system_stm32f1xx.o ABSOLUTE
    ..\Src\usb_device.c                      0x00000000   Number         0  usb_device.o ABSOLUTE
    ..\Src\usbd_cdc_if.c                     0x00000000   Number         0  usbd_cdc_if.o ABSOLUTE
    ..\Src\usbd_conf.c                       0x00000000   Number         0  usbd_conf.o ABSOLUTE
    ..\Src\usbd_desc.c                       0x00000000   Number         0  usbd_desc.o ABSOLUTE
    dc.s                                     0x00000000   Number         0  dc.o ABSOLUTE
    handlers.s                               0x00000000   Number         0  handlers.o ABSOLUTE
    init.s                                   0x00000000   Number         0  init.o ABSOLUTE
    startup_stm32f103xb.s                    0x00000000   Number         0  startup_stm32f103xb.o ABSOLUTE
    RESET                                    0x08000000   Section      236  startup_stm32f103xb.o(RESET)
    .ARM.Collect$$$$00000000                 0x080000ec   Section        0  entry.o(.ARM.Collect$$$$00000000)
    .ARM.Collect$$$$00000001                 0x080000ec   Section        4  entry2.o(.ARM.Collect$$$$00000001)
    .ARM.Collect$$$$00000004                 0x080000f0   Section        4  entry5.o(.ARM.Collect$$$$00000004)
    .ARM.Collect$$$$00000008                 0x080000f4   Section        0  entry7b.o(.ARM.Collect$$$$00000008)
    .ARM.Collect$$$$0000000A                 0x080000f4   Section        0  entry8b.o(.ARM.Collect$$$$0000000A)
    .ARM.Collect$$$$0000000B                 0x080000f4   Section        8  entry9a.o(.ARM.Collect$$$$0000000B)
    .ARM.Collect$$$$0000000D                 0x080000fc   Section        0  entry10a.o(.ARM.Collect$$$$0000000D)
    .ARM.Collect$$$$0000000F                 0x080000fc   Section        0  entry11a.o(.ARM.Collect$$$$0000000F)
    .ARM.Collect$$$$00002712                 0x080000fc   Section        4  entry2.o(.ARM.Collect$$$$00002712)
    __lit__00000000                          0x080000fc   Data           4  entry2.o(.ARM.Collect$$$$00002712)
    .text                                    0x08000100   Section       36  startup_stm32f103xb.o(.text)
    .text                                    0x08000124   Section        0  memcpya.o(.text)
    .text                                    0x08000148   Section        0  strlen.o(.text)
    .text                                    0x08000158   Section       36  init.o(.text)
    .text                                    0x0800017c   Section        0  __dczerorl2.o(.text)
    i.BusFault_Handler                       0x080001d2   Section        0  stm32f1xx_it.o(i.BusFault_Handler)
    i.CDC_Control_FS                         0x080001d4   Section        0  usbd_cdc_if.o(i.CDC_Control_FS)
    CDC_Control_FS                           0x080001d5   Thumb Code     4  usbd_cdc_if.o(i.CDC_Control_FS)
    i.CDC_DeInit_FS                          0x080001d8   Section        0  usbd_cdc_if.o(i.CDC_DeInit_FS)
    CDC_DeInit_FS                            0x080001d9   Thumb Code     4  usbd_cdc_if.o(i.CDC_DeInit_FS)
    i.CDC_Init_FS                            0x080001dc   Section        0  usbd_cdc_if.o(i.CDC_Init_FS)
    CDC_Init_FS                              0x080001dd   Thumb Code    26  usbd_cdc_if.o(i.CDC_Init_FS)
    i.CDC_Receive_FS                         0x08000200   Section        0  usbd_cdc_if.o(i.CDC_Receive_FS)
    CDC_Receive_FS                           0x08000201   Thumb Code    38  usbd_cdc_if.o(i.CDC_Receive_FS)
    i.CDC_Transmit_FS                        0x08000230   Section        0  usbd_cdc_if.o(i.CDC_Transmit_FS)
    i.DMA1_Channel5_IRQHandler               0x0800025c   Section        0  stm32f1xx_it.o(i.DMA1_Channel5_IRQHandler)
    i.DMA_SetConfig                          0x08000268   Section        0  stm32f1xx_hal_dma.o(i.DMA_SetConfig)
    DMA_SetConfig                            0x08000269   Thumb Code    42  stm32f1xx_hal_dma.o(i.DMA_SetConfig)
    i.DebugMon_Handler                       0x08000292   Section        0  stm32f1xx_it.o(i.DebugMon_Handler)
    i.EXTI3_IRQHandler                       0x08000294   Section        0  stm32f1xx_it.o(i.EXTI3_IRQHandler)
    i.HAL_DMA_Abort                          0x080002f0   Section        0  stm32f1xx_hal_dma.o(i.HAL_DMA_Abort)
    i.HAL_DMA_IRQHandler                     0x08000320   Section        0  stm32f1xx_hal_dma.o(i.HAL_DMA_IRQHandler)
    i.HAL_DMA_Init                           0x08000474   Section        0  stm32f1xx_hal_dma.o(i.HAL_DMA_Init)
    i.HAL_DMA_Start_IT                       0x080004d8   Section        0  stm32f1xx_hal_dma.o(i.HAL_DMA_Start_IT)
    i.HAL_Delay                              0x08000548   Section        0  stm32f1xx_hal.o(i.HAL_Delay)
    i.HAL_GPIO_EXTI_Callback                 0x0800056c   Section        0  stm32f1xx_hal_gpio.o(i.HAL_GPIO_EXTI_Callback)
    i.HAL_GPIO_EXTI_IRQHandler               0x08000570   Section        0  stm32f1xx_hal_gpio.o(i.HAL_GPIO_EXTI_IRQHandler)
    i.HAL_GPIO_Init                          0x08000588   Section        0  stm32f1xx_hal_gpio.o(i.HAL_GPIO_Init)
    i.HAL_GPIO_ReadPin                       0x08000744   Section        0  stm32f1xx_hal_gpio.o(i.HAL_GPIO_ReadPin)
    i.HAL_GPIO_WritePin                      0x0800074e   Section        0  stm32f1xx_hal_gpio.o(i.HAL_GPIO_WritePin)
    i.HAL_GetTick                            0x08000758   Section        0  stm32f1xx_hal.o(i.HAL_GetTick)
    i.HAL_I2C_Init                           0x08000764   Section        0  stm32f1xx_hal_i2c.o(i.HAL_I2C_Init)
    i.HAL_I2C_MspInit                        0x080008a4   Section        0  stm32f1xx_hal_msp.o(i.HAL_I2C_MspInit)
    i.HAL_IncTick                            0x080008e8   Section        0  stm32f1xx_hal.o(i.HAL_IncTick)
    i.HAL_Init                               0x080008f8   Section        0  stm32f1xx_hal.o(i.HAL_Init)
    i.HAL_InitTick                           0x0800091c   Section        0  stm32f1xx_hal.o(i.HAL_InitTick)
    i.HAL_MspInit                            0x0800095c   Section        0  stm32f1xx_hal_msp.o(i.HAL_MspInit)
    i.HAL_NVIC_EnableIRQ                     0x080009dc   Section        0  stm32f1xx_hal_cortex.o(i.HAL_NVIC_EnableIRQ)
    i.HAL_NVIC_SetPriority                   0x080009f4   Section        0  stm32f1xx_hal_cortex.o(i.HAL_NVIC_SetPriority)
    i.HAL_NVIC_SetPriorityGrouping           0x08000a34   Section        0  stm32f1xx_hal_cortex.o(i.HAL_NVIC_SetPriorityGrouping)
    i.HAL_PCDEx_PMAConfig                    0x08000a58   Section        0  stm32f1xx_hal_pcd_ex.o(i.HAL_PCDEx_PMAConfig)
    i.HAL_PCDEx_SetConnectionState           0x08000a8c   Section        0  usbd_conf.o(i.HAL_PCDEx_SetConnectionState)
    i.HAL_PCD_DataInStageCallback            0x08000a8e   Section        0  usbd_conf.o(i.HAL_PCD_DataInStageCallback)
    i.HAL_PCD_DataOutStageCallback           0x08000a9c   Section        0  usbd_conf.o(i.HAL_PCD_DataOutStageCallback)
    i.HAL_PCD_EP_Close                       0x08000aac   Section        0  stm32f1xx_hal_pcd.o(i.HAL_PCD_EP_Close)
    i.HAL_PCD_EP_ClrStall                    0x08000aec   Section        0  stm32f1xx_hal_pcd.o(i.HAL_PCD_EP_ClrStall)
    i.HAL_PCD_EP_GetRxCount                  0x08000b34   Section        0  stm32f1xx_hal_pcd.o(i.HAL_PCD_EP_GetRxCount)
    i.HAL_PCD_EP_Open                        0x08000b44   Section        0  stm32f1xx_hal_pcd.o(i.HAL_PCD_EP_Open)
    i.HAL_PCD_EP_Receive                     0x08000b88   Section        0  stm32f1xx_hal_pcd.o(i.HAL_PCD_EP_Receive)
    i.HAL_PCD_EP_SetStall                    0x08000bb6   Section        0  stm32f1xx_hal_pcd.o(i.HAL_PCD_EP_SetStall)
    i.HAL_PCD_EP_Transmit                    0x08000c0c   Section        0  stm32f1xx_hal_pcd.o(i.HAL_PCD_EP_Transmit)
    i.HAL_PCD_IRQHandler                     0x08000c36   Section        0  stm32f1xx_hal_pcd.o(i.HAL_PCD_IRQHandler)
    i.HAL_PCD_Init                           0x08000d44   Section        0  stm32f1xx_hal_pcd.o(i.HAL_PCD_Init)
    i.HAL_PCD_MspInit                        0x08000e04   Section        0  usbd_conf.o(i.HAL_PCD_MspInit)
    i.HAL_PCD_ResetCallback                  0x08000e40   Section        0  usbd_conf.o(i.HAL_PCD_ResetCallback)
    i.HAL_PCD_ResumeCallback                 0x08000e5a   Section        0  usbd_conf.o(i.HAL_PCD_ResumeCallback)
    i.HAL_PCD_SOFCallback                    0x08000e62   Section        0  usbd_conf.o(i.HAL_PCD_SOFCallback)
    i.HAL_PCD_SetAddress                     0x08000e6a   Section        0  stm32f1xx_hal_pcd.o(i.HAL_PCD_SetAddress)
    i.HAL_PCD_SetupStageCallback             0x08000e92   Section        0  usbd_conf.o(i.HAL_PCD_SetupStageCallback)
    i.HAL_PCD_Start                          0x08000ea0   Section        0  stm32f1xx_hal_pcd.o(i.HAL_PCD_Start)
    i.HAL_PCD_SuspendCallback                0x08000ed4   Section        0  usbd_conf.o(i.HAL_PCD_SuspendCallback)
    i.HAL_PWR_EnableWakeUpPin                0x08000ef8   Section        0  stm32f1xx_hal_pwr.o(i.HAL_PWR_EnableWakeUpPin)
    i.HAL_PWR_EnterSTANDBYMode               0x08000f14   Section        0  stm32f1xx_hal_pwr.o(i.HAL_PWR_EnterSTANDBYMode)
    i.HAL_RCCEx_PeriphCLKConfig              0x08000f34   Section        0  stm32f1xx_hal_rcc_ex.o(i.HAL_RCCEx_PeriphCLKConfig)
    i.HAL_RCC_ClockConfig                    0x08001020   Section        0  stm32f1xx_hal_rcc.o(i.HAL_RCC_ClockConfig)
    i.HAL_RCC_GetHCLKFreq                    0x08001174   Section        0  stm32f1xx_hal_rcc.o(i.HAL_RCC_GetHCLKFreq)
    i.HAL_RCC_GetPCLK1Freq                   0x08001180   Section        0  stm32f1xx_hal_rcc.o(i.HAL_RCC_GetPCLK1Freq)
    i.HAL_RCC_GetPCLK2Freq                   0x080011a0   Section        0  stm32f1xx_hal_rcc.o(i.HAL_RCC_GetPCLK2Freq)
    i.HAL_RCC_GetSysClockFreq                0x080011c0   Section        0  stm32f1xx_hal_rcc.o(i.HAL_RCC_GetSysClockFreq)
    i.HAL_RCC_OscConfig                      0x0800122c   Section        0  stm32f1xx_hal_rcc.o(i.HAL_RCC_OscConfig)
    i.HAL_SPI_Init                           0x08001530   Section        0  stm32f1xx_hal_spi_ex.o(i.HAL_SPI_Init)
    i.HAL_SPI_MspInit                        0x080015b4   Section        0  stm32f1xx_hal_msp.o(i.HAL_SPI_MspInit)
    i.HAL_SYSTICK_CLKSourceConfig            0x0800160c   Section        0  stm32f1xx_hal_cortex.o(i.HAL_SYSTICK_CLKSourceConfig)
    i.HAL_SYSTICK_Callback                   0x08001624   Section        0  stm32f1xx_hal_cortex.o(i.HAL_SYSTICK_Callback)
    i.HAL_SYSTICK_Config                     0x08001626   Section        0  stm32f1xx_hal_cortex.o(i.HAL_SYSTICK_Config)
    i.HAL_SYSTICK_IRQHandler                 0x0800164e   Section        0  stm32f1xx_hal_cortex.o(i.HAL_SYSTICK_IRQHandler)
    i.HAL_TIMEx_BreakCallback                0x08001656   Section        0  stm32f1xx_hal_tim_ex.o(i.HAL_TIMEx_BreakCallback)
    i.HAL_TIMEx_CommutationCallback          0x08001658   Section        0  stm32f1xx_hal_tim_ex.o(i.HAL_TIMEx_CommutationCallback)
    i.HAL_TIMEx_MasterConfigSynchronization  0x0800165a   Section        0  stm32f1xx_hal_tim_ex.o(i.HAL_TIMEx_MasterConfigSynchronization)
    i.HAL_TIM_Base_Init                      0x080016aa   Section        0  stm32f1xx_hal_tim.o(i.HAL_TIM_Base_Init)
    i.HAL_TIM_Base_MspInit                   0x080016e0   Section        0  stm32f1xx_hal_msp.o(i.HAL_TIM_Base_MspInit)
    i.HAL_TIM_Base_Start_IT                  0x0800171c   Section        0  stm32f1xx_hal_tim.o(i.HAL_TIM_Base_Start_IT)
    i.HAL_TIM_ConfigClockSource              0x08001734   Section        0  stm32f1xx_hal_tim.o(i.HAL_TIM_ConfigClockSource)
    i.HAL_TIM_IC_CaptureCallback             0x08001826   Section        0  stm32f1xx_hal_tim.o(i.HAL_TIM_IC_CaptureCallback)
    i.HAL_TIM_IRQHandler                     0x08001828   Section        0  stm32f1xx_hal_tim.o(i.HAL_TIM_IRQHandler)
    i.HAL_TIM_OC_DelayElapsedCallback        0x0800198e   Section        0  stm32f1xx_hal_tim.o(i.HAL_TIM_OC_DelayElapsedCallback)
    i.HAL_TIM_PWM_PulseFinishedCallback      0x08001990   Section        0  stm32f1xx_hal_tim.o(i.HAL_TIM_PWM_PulseFinishedCallback)
    i.HAL_TIM_PeriodElapsedCallback          0x08001992   Section        0  stm32f1xx_hal_tim.o(i.HAL_TIM_PeriodElapsedCallback)
    i.HAL_TIM_TriggerCallback                0x08001994   Section        0  stm32f1xx_hal_tim.o(i.HAL_TIM_TriggerCallback)
    i.HAL_UART_DMAStop                       0x08001996   Section        0  stm32f1xx_hal_uart.o(i.HAL_UART_DMAStop)
    i.HAL_UART_ErrorCallback                 0x080019ee   Section        0  stm32f1xx_hal_uart.o(i.HAL_UART_ErrorCallback)
    i.HAL_UART_Init                          0x080019f0   Section        0  stm32f1xx_hal_uart.o(i.HAL_UART_Init)
    i.HAL_UART_MspInit                       0x08001a54   Section        0  stm32f1xx_hal_msp.o(i.HAL_UART_MspInit)
    i.HAL_UART_Receive_DMA                   0x08001b6c   Section        0  stm32f1xx_hal_uart.o(i.HAL_UART_Receive_DMA)
    i.HAL_UART_RxCpltCallback                0x08001c04   Section        0  stm32f1xx_hal_uart.o(i.HAL_UART_RxCpltCallback)
    i.HAL_UART_RxHalfCpltCallback            0x08001c06   Section        0  stm32f1xx_hal_uart.o(i.HAL_UART_RxHalfCpltCallback)
    i.HAL_UART_Transmit                      0x08001c08   Section        0  stm32f1xx_hal_uart.o(i.HAL_UART_Transmit)
    i.HardFault_Handler                      0x08001cc2   Section        0  stm32f1xx_it.o(i.HardFault_Handler)
    i.MX_GPIO_Init                           0x08001cc4   Section        0  main.o(i.MX_GPIO_Init)
    MX_GPIO_Init                             0x08001cc5   Thumb Code   170  main.o(i.MX_GPIO_Init)
    i.MX_I2C1_Init                           0x08001d84   Section        0  main.o(i.MX_I2C1_Init)
    MX_I2C1_Init                             0x08001d85   Thumb Code    44  main.o(i.MX_I2C1_Init)
    i.MX_SPI1_Init                           0x08001dbc   Section        0  main.o(i.MX_SPI1_Init)
    MX_SPI1_Init                             0x08001dbd   Thumb Code    56  main.o(i.MX_SPI1_Init)
    i.MX_TIM1_Init                           0x08001dfc   Section        0  main.o(i.MX_TIM1_Init)
    MX_TIM1_Init                             0x08001dfd   Thumb Code    78  main.o(i.MX_TIM1_Init)
    i.MX_USB_DEVICE_Init                     0x08001e54   Section        0  usb_device.o(i.MX_USB_DEVICE_Init)
    i.MemManage_Handler                      0x08001e8c   Section        0  stm32f1xx_it.o(i.MemManage_Handler)
    i.NMI_Handler                            0x08001e8e   Section        0  stm32f1xx_it.o(i.NMI_Handler)
    i.NVIC_SetPriority                       0x08001e90   Section        0  stm32f1xx_hal_cortex.o(i.NVIC_SetPriority)
    NVIC_SetPriority                         0x08001e91   Thumb Code    32  stm32f1xx_hal_cortex.o(i.NVIC_SetPriority)
    i.PCD_EP_ISR_Handler                     0x08001eb0   Section        0  stm32f1xx_hal_pcd.o(i.PCD_EP_ISR_Handler)
    PCD_EP_ISR_Handler                       0x08001eb1   Thumb Code   866  stm32f1xx_hal_pcd.o(i.PCD_EP_ISR_Handler)
    i.PendSV_Handler                         0x08002212   Section        0  stm32f1xx_it.o(i.PendSV_Handler)
    i.SVC_Handler                            0x08002214   Section        0  stm32f1xx_it.o(i.SVC_Handler)
    i.SysTick_Handler                        0x08002216   Section        0  stm32f1xx_it.o(i.SysTick_Handler)
    i.SystemClock_Config                     0x08002224   Section        0  main.o(i.SystemClock_Config)
    i.SystemInit                             0x080022a0   Section        0  system_stm32f1xx.o(i.SystemInit)
    i.TIM1_UP_IRQHandler                     0x080022e8   Section        0  stm32f1xx_it.o(i.TIM1_UP_IRQHandler)
    i.TIM_Base_SetConfig                     0x08002498   Section        0  stm32f1xx_hal_tim.o(i.TIM_Base_SetConfig)
    i.TIM_ETR_SetConfig                      0x08002504   Section        0  stm32f1xx_hal_tim.o(i.TIM_ETR_SetConfig)
    TIM_ETR_SetConfig                        0x08002505   Thumb Code    20  stm32f1xx_hal_tim.o(i.TIM_ETR_SetConfig)
    i.TIM_ITRx_SetConfig                     0x08002518   Section        0  stm32f1xx_hal_tim.o(i.TIM_ITRx_SetConfig)
    TIM_ITRx_SetConfig                       0x08002519   Thumb Code    16  stm32f1xx_hal_tim.o(i.TIM_ITRx_SetConfig)
    i.TIM_TI1_ConfigInputStage               0x08002528   Section        0  stm32f1xx_hal_tim.o(i.TIM_TI1_ConfigInputStage)
    TIM_TI1_ConfigInputStage                 0x08002529   Thumb Code    34  stm32f1xx_hal_tim.o(i.TIM_TI1_ConfigInputStage)
    i.TIM_TI2_ConfigInputStage               0x0800254a   Section        0  stm32f1xx_hal_tim.o(i.TIM_TI2_ConfigInputStage)
    TIM_TI2_ConfigInputStage                 0x0800254b   Thumb Code    36  stm32f1xx_hal_tim.o(i.TIM_TI2_ConfigInputStage)
    i.UART_DMAError                          0x0800256e   Section        0  stm32f1xx_hal_uart.o(i.UART_DMAError)
    UART_DMAError                            0x0800256f   Thumb Code    74  stm32f1xx_hal_uart.o(i.UART_DMAError)
    i.UART_DMAReceiveCplt                    0x080025b8   Section        0  stm32f1xx_hal_uart.o(i.UART_DMAReceiveCplt)
    UART_DMAReceiveCplt                      0x080025b9   Thumb Code    60  stm32f1xx_hal_uart.o(i.UART_DMAReceiveCplt)
    i.UART_DMARxHalfCplt                     0x080025f4   Section        0  stm32f1xx_hal_uart.o(i.UART_DMARxHalfCplt)
    UART_DMARxHalfCplt                       0x080025f5   Thumb Code    10  stm32f1xx_hal_uart.o(i.UART_DMARxHalfCplt)
    i.UART_EndRxTransfer                     0x080025fe   Section        0  stm32f1xx_hal_uart.o(i.UART_EndRxTransfer)
    UART_EndRxTransfer                       0x080025ff   Thumb Code    28  stm32f1xx_hal_uart.o(i.UART_EndRxTransfer)
    i.UART_EndTxTransfer                     0x0800261a   Section        0  stm32f1xx_hal_uart.o(i.UART_EndTxTransfer)
    UART_EndTxTransfer                       0x0800261b   Thumb Code    18  stm32f1xx_hal_uart.o(i.UART_EndTxTransfer)
    i.UART_SetConfig                         0x0800262c   Section        0  stm32f1xx_hal_uart.o(i.UART_SetConfig)
    UART_SetConfig                           0x0800262d   Thumb Code   364  stm32f1xx_hal_uart.o(i.UART_SetConfig)
    i.UART_WaitOnFlagUntilTimeout            0x0800279c   Section        0  stm32f1xx_hal_uart.o(i.UART_WaitOnFlagUntilTimeout)
    UART_WaitOnFlagUntilTimeout              0x0800279d   Thumb Code   100  stm32f1xx_hal_uart.o(i.UART_WaitOnFlagUntilTimeout)
    i.USBD_CDC_DataIn                        0x08002800   Section        0  usbd_cdc.o(i.USBD_CDC_DataIn)
    USBD_CDC_DataIn                          0x08002801   Thumb Code    20  usbd_cdc.o(i.USBD_CDC_DataIn)
    i.USBD_CDC_DataOut                       0x08002814   Section        0  usbd_cdc.o(i.USBD_CDC_DataOut)
    USBD_CDC_DataOut                         0x08002815   Thumb Code    46  usbd_cdc.o(i.USBD_CDC_DataOut)
    i.USBD_CDC_DeInit                        0x08002842   Section        0  usbd_cdc.o(i.USBD_CDC_DeInit)
    USBD_CDC_DeInit                          0x08002843   Thumb Code    60  usbd_cdc.o(i.USBD_CDC_DeInit)
    i.USBD_CDC_EP0_RxReady                   0x0800287e   Section        0  usbd_cdc.o(i.USBD_CDC_EP0_RxReady)
    USBD_CDC_EP0_RxReady                     0x0800287f   Thumb Code    36  usbd_cdc.o(i.USBD_CDC_EP0_RxReady)
    i.USBD_CDC_GetDeviceQualifierDescriptor  0x080028a4   Section        0  usbd_cdc.o(i.USBD_CDC_GetDeviceQualifierDescriptor)
    i.USBD_CDC_GetFSCfgDesc                  0x080028b0   Section        0  usbd_cdc.o(i.USBD_CDC_GetFSCfgDesc)
    USBD_CDC_GetFSCfgDesc                    0x080028b1   Thumb Code     8  usbd_cdc.o(i.USBD_CDC_GetFSCfgDesc)
    i.USBD_CDC_GetHSCfgDesc                  0x080028bc   Section        0  usbd_cdc.o(i.USBD_CDC_GetHSCfgDesc)
    USBD_CDC_GetHSCfgDesc                    0x080028bd   Thumb Code     8  usbd_cdc.o(i.USBD_CDC_GetHSCfgDesc)
    i.USBD_CDC_GetOtherSpeedCfgDesc          0x080028c8   Section        0  usbd_cdc.o(i.USBD_CDC_GetOtherSpeedCfgDesc)
    USBD_CDC_GetOtherSpeedCfgDesc            0x080028c9   Thumb Code     8  usbd_cdc.o(i.USBD_CDC_GetOtherSpeedCfgDesc)
    i.USBD_CDC_Init                          0x080028d4   Section        0  usbd_cdc.o(i.USBD_CDC_Init)
    USBD_CDC_Init                            0x080028d5   Thumb Code   136  usbd_cdc.o(i.USBD_CDC_Init)
    i.USBD_CDC_ReceivePacket                 0x0800295c   Section        0  usbd_cdc.o(i.USBD_CDC_ReceivePacket)
    i.USBD_CDC_RegisterInterface             0x08002984   Section        0  usbd_cdc.o(i.USBD_CDC_RegisterInterface)
    i.USBD_CDC_SetRxBuffer                   0x08002994   Section        0  usbd_cdc.o(i.USBD_CDC_SetRxBuffer)
    i.USBD_CDC_SetTxBuffer                   0x080029a0   Section        0  usbd_cdc.o(i.USBD_CDC_SetTxBuffer)
    i.USBD_CDC_Setup                         0x080029b0   Section        0  usbd_cdc.o(i.USBD_CDC_Setup)
    USBD_CDC_Setup                           0x080029b1   Thumb Code   106  usbd_cdc.o(i.USBD_CDC_Setup)
    i.USBD_CDC_TransmitPacket                0x08002a20   Section        0  usbd_cdc.o(i.USBD_CDC_TransmitPacket)
    i.USBD_ClrClassConfig                    0x08002a50   Section        0  usbd_core.o(i.USBD_ClrClassConfig)
    i.USBD_CtlContinueRx                     0x08002a5e   Section        0  usbd_ioreq.o(i.USBD_CtlContinueRx)
    i.USBD_CtlContinueSendData               0x08002a6e   Section        0  usbd_ioreq.o(i.USBD_CtlContinueSendData)
    i.USBD_CtlError                          0x08002a7e   Section        0  usbd_ctlreq.o(i.USBD_CtlError)
    i.USBD_CtlPrepareRx                      0x08002a94   Section        0  usbd_ioreq.o(i.USBD_CtlPrepareRx)
    i.USBD_CtlReceiveStatus                  0x08002ab2   Section        0  usbd_ioreq.o(i.USBD_CtlReceiveStatus)
    i.USBD_CtlSendData                       0x08002ac8   Section        0  usbd_ioreq.o(i.USBD_CtlSendData)
    i.USBD_CtlSendStatus                     0x08002ae2   Section        0  usbd_ioreq.o(i.USBD_CtlSendStatus)
    i.USBD_FS_ConfigStrDescriptor            0x08002af8   Section        0  usbd_desc.o(i.USBD_FS_ConfigStrDescriptor)
    i.USBD_FS_DeviceDescriptor               0x08002b18   Section        0  usbd_desc.o(i.USBD_FS_DeviceDescriptor)
    i.USBD_FS_InterfaceStrDescriptor         0x08002b24   Section        0  usbd_desc.o(i.USBD_FS_InterfaceStrDescriptor)
    i.USBD_FS_LangIDStrDescriptor            0x08002b48   Section        0  usbd_desc.o(i.USBD_FS_LangIDStrDescriptor)
    i.USBD_FS_ManufacturerStrDescriptor      0x08002b54   Section        0  usbd_desc.o(i.USBD_FS_ManufacturerStrDescriptor)
    i.USBD_FS_ProductStrDescriptor           0x08002b7c   Section        0  usbd_desc.o(i.USBD_FS_ProductStrDescriptor)
    i.USBD_FS_SerialStrDescriptor            0x08002ba8   Section        0  usbd_desc.o(i.USBD_FS_SerialStrDescriptor)
    i.USBD_GetDescriptor                     0x08002bcc   Section        0  usbd_ctlreq.o(i.USBD_GetDescriptor)
    USBD_GetDescriptor                       0x08002bcd   Thumb Code   224  usbd_ctlreq.o(i.USBD_GetDescriptor)
    i.USBD_GetString                         0x08002cac   Section        0  usbd_ctlreq.o(i.USBD_GetString)
    i.USBD_Init                              0x08002cf2   Section        0  usbd_core.o(i.USBD_Init)
    i.USBD_LL_ClearStallEP                   0x08002d1c   Section        0  usbd_conf.o(i.USBD_LL_ClearStallEP)
    i.USBD_LL_CloseEP                        0x08002d3c   Section        0  usbd_conf.o(i.USBD_LL_CloseEP)
    i.USBD_LL_DataInStage                    0x08002d5c   Section        0  usbd_core.o(i.USBD_LL_DataInStage)
    i.USBD_LL_DataOutStage                   0x08002e06   Section        0  usbd_core.o(i.USBD_LL_DataOutStage)
    i.USBD_LL_GetRxDataSize                  0x08002e70   Section        0  usbd_conf.o(i.USBD_LL_GetRxDataSize)
    i.USBD_LL_Init                           0x08002e78   Section        0  usbd_conf.o(i.USBD_LL_Init)
    i.USBD_LL_IsStallEP                      0x08002f14   Section        0  usbd_conf.o(i.USBD_LL_IsStallEP)
    i.USBD_LL_OpenEP                         0x08002f30   Section        0  usbd_conf.o(i.USBD_LL_OpenEP)
    i.USBD_LL_PrepareReceive                 0x08002f56   Section        0  usbd_conf.o(i.USBD_LL_PrepareReceive)
    i.USBD_LL_Reset                          0x08002f76   Section        0  usbd_core.o(i.USBD_LL_Reset)
    i.USBD_LL_Resume                         0x08002fb4   Section        0  usbd_core.o(i.USBD_LL_Resume)
    i.USBD_LL_SOF                            0x08002fc0   Section        0  usbd_core.o(i.USBD_LL_SOF)
    i.USBD_LL_SetSpeed                       0x08002fd8   Section        0  usbd_core.o(i.USBD_LL_SetSpeed)
    i.USBD_LL_SetUSBAddress                  0x08002fde   Section        0  usbd_conf.o(i.USBD_LL_SetUSBAddress)
    i.USBD_LL_SetupStage                     0x08002ffe   Section        0  usbd_core.o(i.USBD_LL_SetupStage)
    i.USBD_LL_StallEP                        0x08003058   Section        0  usbd_conf.o(i.USBD_LL_StallEP)
    i.USBD_LL_Start                          0x08003078   Section        0  usbd_conf.o(i.USBD_LL_Start)
    i.USBD_LL_Suspend                        0x08003098   Section        0  usbd_core.o(i.USBD_LL_Suspend)
    i.USBD_LL_Transmit                       0x080030aa   Section        0  usbd_conf.o(i.USBD_LL_Transmit)
    i.USBD_ParseSetupRequest                 0x080030ca   Section        0  usbd_ctlreq.o(i.USBD_ParseSetupRequest)
    i.USBD_RegisterClass                     0x080030f2   Section        0  usbd_core.o(i.USBD_RegisterClass)
    i.USBD_SetClassConfig                    0x08003102   Section        0  usbd_core.o(i.USBD_SetClassConfig)
    i.USBD_SetConfig                         0x08003118   Section        0  usbd_ctlreq.o(i.USBD_SetConfig)
    USBD_SetConfig                           0x08003119   Thumb Code   110  usbd_ctlreq.o(i.USBD_SetConfig)
    i.USBD_Start                             0x0800318c   Section        0  usbd_core.o(i.USBD_Start)
    i.USBD_StdDevReq                         0x08003196   Section        0  usbd_ctlreq.o(i.USBD_StdDevReq)
    i.USBD_StdEPReq                          0x08003288   Section        0  usbd_ctlreq.o(i.USBD_StdEPReq)
    i.USBD_StdItfReq                         0x08003364   Section        0  usbd_ctlreq.o(i.USBD_StdItfReq)
    i.USBD_static_free                       0x08003398   Section        0  usbd_conf.o(i.USBD_static_free)
    i.USBD_static_malloc                     0x0800339c   Section        0  usbd_conf.o(i.USBD_static_malloc)
    i.USB_ActivateEndpoint                   0x080033a4   Section        0  stm32f1xx_ll_usb.o(i.USB_ActivateEndpoint)
    i.USB_CoreInit                           0x08003600   Section        0  stm32f1xx_ll_usb.o(i.USB_CoreInit)
    i.USB_DeactivateEndpoint                 0x08003604   Section        0  stm32f1xx_ll_usb.o(i.USB_DeactivateEndpoint)
    i.USB_DevConnect                         0x08003728   Section        0  stm32f1xx_ll_usb.o(i.USB_DevConnect)
    i.USB_DevDisconnect                      0x0800372c   Section        0  stm32f1xx_ll_usb.o(i.USB_DevDisconnect)
    i.USB_DevInit                            0x08003730   Section        0  stm32f1xx_ll_usb.o(i.USB_DevInit)
    i.USB_DisableGlobalInt                   0x0800374e   Section        0  stm32f1xx_ll_usb.o(i.USB_DisableGlobalInt)
    i.USB_EP0_OutStart                       0x0800375c   Section        0  stm32f1xx_ll_usb.o(i.USB_EP0_OutStart)
    i.USB_EPClearStall                       0x08003760   Section        0  stm32f1xx_ll_usb.o(i.USB_EPClearStall)
    i.USB_EPSetStall                         0x080037ca   Section        0  stm32f1xx_ll_usb.o(i.USB_EPSetStall)
    i.USB_EPStartXfer                        0x08003814   Section        0  stm32f1xx_ll_usb.o(i.USB_EPStartXfer)
    i.USB_EnableGlobalInt                    0x080039be   Section        0  stm32f1xx_ll_usb.o(i.USB_EnableGlobalInt)
    i.USB_LP_CAN1_RX0_IRQHandler             0x080039cc   Section        0  stm32f1xx_it.o(i.USB_LP_CAN1_RX0_IRQHandler)
    i.USB_ReadInterrupts                     0x080039d8   Section        0  stm32f1xx_ll_usb.o(i.USB_ReadInterrupts)
    i.USB_ReadPMA                            0x080039e0   Section        0  stm32f1xx_ll_usb.o(i.USB_ReadPMA)
    i.USB_SetCurrentMode                     0x080039fe   Section        0  stm32f1xx_ll_usb.o(i.USB_SetCurrentMode)
    i.USB_SetDevAddress                      0x08003a02   Section        0  stm32f1xx_ll_usb.o(i.USB_SetDevAddress)
    i.USB_WritePMA                           0x08003a0e   Section        0  stm32f1xx_ll_usb.o(i.USB_WritePMA)
    i.UsageFault_Handler                     0x08003a34   Section        0  stm32f1xx_it.o(i.UsageFault_Handler)
    i._Error_Handler                         0x08003a36   Section        0  main.o(i._Error_Handler)
    i.__scatterload_copy                     0x08003a38   Section       14  handlers.o(i.__scatterload_copy)
    i.__scatterload_null                     0x08003a46   Section        2  handlers.o(i.__scatterload_null)
    i.__scatterload_zeroinit                 0x08003a48   Section       14  handlers.o(i.__scatterload_zeroinit)
    i.main                                   0x08003a58   Section        0  main.o(i.main)
    i.printCMD                               0x08003c84   Section        0  main.o(i.printCMD)
    .constdata                               0x08003ca8   Section       16  system_stm32f1xx.o(.constdata)
    .constdata                               0x08003cb8   Section        8  system_stm32f1xx.o(.constdata)
    .data                                    0x20000000   Section      219  usbd_cdc.o(.data)
    ifalt                                    0x20000000   Data           1  usbd_cdc.o(.data)
    USBD_CDC_DeviceQualifierDesc             0x20000004   Data          10  usbd_cdc.o(.data)
    .data                                    0x200000dc   Section       56  usbd_cdc.o(.data)
    .data                                    0x20000114   Section        1  usbd_ctlreq.o(.data)
    cfgidx                                   0x20000114   Data           1  usbd_ctlreq.o(.data)
    .data                                    0x20000118   Section       12  stm32f1xx_hal.o(.data)
    .data                                    0x20000124   Section        4  system_stm32f1xx.o(.data)
    .data                                    0x20000128   Section       16  usbd_cdc_if.o(.data)
    .data                                    0x20000138   Section        8  usbd_cdc_if.o(.data)
    .data                                    0x20000140   Section       20  stm32f1xx_it.o(.data)
    .data                                    0x20000154   Section       28  usbd_desc.o(.data)
    .data                                    0x20000170   Section       22  usbd_desc.o(.data)
    .bss                                     0x20000188   Section      428  main.o(.bss)
    .bss                                     0x20000334   Section       68  main.o(.bss)
    .bss                                     0x20000378   Section      412  stm32f1xx_it.o(.bss)
    .bss                                     0x20000514   Section      512  usbd_desc.o(.bss)
    .bss                                     0x20000714   Section      548  usb_device.o(.bss)
    .bss                                     0x20000938   Section     1664  usbd_conf.o(.bss)
    mem                                      0x20000938   Data         544  usbd_conf.o(.bss)
    STACK                                    0x20000fb8   Section     1024  startup_stm32f103xb.o(STACK)

    Global Symbols

    Symbol Name                              Value     Ov Type        Size  Object(Section)

    BuildAttributes$$THM_ISAv4$P$D$K$B$S$PE$A:L22UL41UL21$X:L11$S22US41US21$IEEE1$IW$USESV6$~STKCKD$USESV7$~SHL$OSPACE$EBA8$MICROLIB$REQ8$PRES8$EABIv2 0x00000000   Number         0  anon$$obj.o ABSOLUTE
    __ARM_use_no_argv                        0x00000000   Number         0  main.o ABSOLUTE
    __cpp_initialize__aeabi_                  - Undefined Weak Reference
    __cxa_finalize                            - Undefined Weak Reference
    _clock_init                               - Undefined Weak Reference
    _microlib_exit                            - Undefined Weak Reference
    __Vectors_Size                           0x000000ec   Number         0  startup_stm32f103xb.o ABSOLUTE
    __Vectors                                0x08000000   Data           4  startup_stm32f103xb.o(RESET)
    __Vectors_End                            0x080000ec   Data           0  startup_stm32f103xb.o(RESET)
    __main                                   0x080000ed   Thumb Code     0  entry.o(.ARM.Collect$$$$00000000)
    _main_stk                                0x080000ed   Thumb Code     0  entry2.o(.ARM.Collect$$$$00000001)
    _main_scatterload                        0x080000f1   Thumb Code     0  entry5.o(.ARM.Collect$$$$00000004)
    __main_after_scatterload                 0x080000f5   Thumb Code     0  entry5.o(.ARM.Collect$$$$00000004)
    _main_clock                              0x080000f5   Thumb Code     0  entry7b.o(.ARM.Collect$$$$00000008)
    _main_cpp_init                           0x080000f5   Thumb Code     0  entry8b.o(.ARM.Collect$$$$0000000A)
    _main_init                               0x080000f5   Thumb Code     0  entry9a.o(.ARM.Collect$$$$0000000B)
    __rt_final_cpp                           0x080000fd   Thumb Code     0  entry10a.o(.ARM.Collect$$$$0000000D)
    __rt_final_exit                          0x080000fd   Thumb Code     0  entry11a.o(.ARM.Collect$$$$0000000F)
    Reset_Handler                            0x08000101   Thumb Code     8  startup_stm32f103xb.o(.text)
    ADC1_2_IRQHandler                        0x0800011b   Thumb Code     0  startup_stm32f103xb.o(.text)
    CAN1_RX1_IRQHandler                      0x0800011b   Thumb Code     0  startup_stm32f103xb.o(.text)
    CAN1_SCE_IRQHandler                      0x0800011b   Thumb Code     0  startup_stm32f103xb.o(.text)
    DMA1_Channel1_IRQHandler                 0x0800011b   Thumb Code     0  startup_stm32f103xb.o(.text)
    DMA1_Channel2_IRQHandler                 0x0800011b   Thumb Code     0  startup_stm32f103xb.o(.text)
    DMA1_Channel3_IRQHandler                 0x0800011b   Thumb Code     0  startup_stm32f103xb.o(.text)
    DMA1_Channel4_IRQHandler                 0x0800011b   Thumb Code     0  startup_stm32f103xb.o(.text)
    DMA1_Channel6_IRQHandler                 0x0800011b   Thumb Code     0  startup_stm32f103xb.o(.text)
    DMA1_Channel7_IRQHandler                 0x0800011b   Thumb Code     0  startup_stm32f103xb.o(.text)
    EXTI0_IRQHandler                         0x0800011b   Thumb Code     0  startup_stm32f103xb.o(.text)
    EXTI15_10_IRQHandler                     0x0800011b   Thumb Code     0  startup_stm32f103xb.o(.text)
    EXTI1_IRQHandler                         0x0800011b   Thumb Code     0  startup_stm32f103xb.o(.text)
    EXTI2_IRQHandler                         0x0800011b   Thumb Code     0  startup_stm32f103xb.o(.text)
    EXTI4_IRQHandler                         0x0800011b   Thumb Code     0  startup_stm32f103xb.o(.text)
    EXTI9_5_IRQHandler                       0x0800011b   Thumb Code     0  startup_stm32f103xb.o(.text)
    FLASH_IRQHandler                         0x0800011b   Thumb Code     0  startup_stm32f103xb.o(.text)
    I2C1_ER_IRQHandler                       0x0800011b   Thumb Code     0  startup_stm32f103xb.o(.text)
    I2C1_EV_IRQHandler                       0x0800011b   Thumb Code     0  startup_stm32f103xb.o(.text)
    I2C2_ER_IRQHandler                       0x0800011b   Thumb Code     0  startup_stm32f103xb.o(.text)
    I2C2_EV_IRQHandler                       0x0800011b   Thumb Code     0  startup_stm32f103xb.o(.text)
    PVD_IRQHandler                           0x0800011b   Thumb Code     0  startup_stm32f103xb.o(.text)
    RCC_IRQHandler                           0x0800011b   Thumb Code     0  startup_stm32f103xb.o(.text)
    RTC_Alarm_IRQHandler                     0x0800011b   Thumb Code     0  startup_stm32f103xb.o(.text)
    RTC_IRQHandler                           0x0800011b   Thumb Code     0  startup_stm32f103xb.o(.text)
    SPI1_IRQHandler                          0x0800011b   Thumb Code     0  startup_stm32f103xb.o(.text)
    SPI2_IRQHandler                          0x0800011b   Thumb Code     0  startup_stm32f103xb.o(.text)
    TAMPER_IRQHandler                        0x0800011b   Thumb Code     0  startup_stm32f103xb.o(.text)
    TIM1_BRK_IRQHandler                      0x0800011b   Thumb Code     0  startup_stm32f103xb.o(.text)
    TIM1_CC_IRQHandler                       0x0800011b   Thumb Code     0  startup_stm32f103xb.o(.text)
    TIM1_TRG_COM_IRQHandler                  0x0800011b   Thumb Code     0  startup_stm32f103xb.o(.text)
    TIM2_IRQHandler                          0x0800011b   Thumb Code     0  startup_stm32f103xb.o(.text)
    TIM3_IRQHandler                          0x0800011b   Thumb Code     0  startup_stm32f103xb.o(.text)
    TIM4_IRQHandler                          0x0800011b   Thumb Code     0  startup_stm32f103xb.o(.text)
    USART1_IRQHandler                        0x0800011b   Thumb Code     0  startup_stm32f103xb.o(.text)
    USART2_IRQHandler                        0x0800011b   Thumb Code     0  startup_stm32f103xb.o(.text)
    USART3_IRQHandler                        0x0800011b   Thumb Code     0  startup_stm32f103xb.o(.text)
    USBWakeUp_IRQHandler                     0x0800011b   Thumb Code     0  startup_stm32f103xb.o(.text)
    USB_HP_CAN1_TX_IRQHandler                0x0800011b   Thumb Code     0  startup_stm32f103xb.o(.text)
    WWDG_IRQHandler                          0x0800011b   Thumb Code     0  startup_stm32f103xb.o(.text)
    __aeabi_memcpy                           0x08000125   Thumb Code    36  memcpya.o(.text)
    __aeabi_memcpy4                          0x08000125   Thumb Code     0  memcpya.o(.text)
    __aeabi_memcpy8                          0x08000125   Thumb Code     0  memcpya.o(.text)
    strlen                                   0x08000149   Thumb Code    14  strlen.o(.text)
    __scatterload                            0x08000159   Thumb Code    28  init.o(.text)
    __scatterload_rt2                        0x08000159   Thumb Code     0  init.o(.text)
    __decompress                             0x0800017d   Thumb Code     0  __dczerorl2.o(.text)
    __decompress1                            0x0800017d   Thumb Code    86  __dczerorl2.o(.text)
    BusFault_Handler                         0x080001d3   Thumb Code     2  stm32f1xx_it.o(i.BusFault_Handler)
    CDC_Transmit_FS                          0x08000231   Thumb Code    38  usbd_cdc_if.o(i.CDC_Transmit_FS)
    DMA1_Channel5_IRQHandler                 0x0800025d   Thumb Code     6  stm32f1xx_it.o(i.DMA1_Channel5_IRQHandler)
    DebugMon_Handler                         0x08000293   Thumb Code     2  stm32f1xx_it.o(i.DebugMon_Handler)
    EXTI3_IRQHandler                         0x08000295   Thumb Code    68  stm32f1xx_it.o(i.EXTI3_IRQHandler)
    HAL_DMA_Abort                            0x080002f1   Thumb Code    48  stm32f1xx_hal_dma.o(i.HAL_DMA_Abort)
    HAL_DMA_IRQHandler                       0x08000321   Thumb Code   316  stm32f1xx_hal_dma.o(i.HAL_DMA_IRQHandler)
    HAL_DMA_Init                             0x08000475   Thumb Code    92  stm32f1xx_hal_dma.o(i.HAL_DMA_Init)
    HAL_DMA_Start_IT                         0x080004d9   Thumb Code   112  stm32f1xx_hal_dma.o(i.HAL_DMA_Start_IT)
    HAL_Delay                                0x08000549   Thumb Code    32  stm32f1xx_hal.o(i.HAL_Delay)
    HAL_GPIO_EXTI_Callback                   0x0800056d   Thumb Code     2  stm32f1xx_hal_gpio.o(i.HAL_GPIO_EXTI_Callback)
    HAL_GPIO_EXTI_IRQHandler                 0x08000571   Thumb Code    18  stm32f1xx_hal_gpio.o(i.HAL_GPIO_EXTI_IRQHandler)
    HAL_GPIO_Init                            0x08000589   Thumb Code   408  stm32f1xx_hal_gpio.o(i.HAL_GPIO_Init)
    HAL_GPIO_ReadPin                         0x08000745   Thumb Code    10  stm32f1xx_hal_gpio.o(i.HAL_GPIO_ReadPin)
    HAL_GPIO_WritePin                        0x0800074f   Thumb Code    10  stm32f1xx_hal_gpio.o(i.HAL_GPIO_WritePin)
    HAL_GetTick                              0x08000759   Thumb Code     6  stm32f1xx_hal.o(i.HAL_GetTick)
    HAL_I2C_Init                             0x08000765   Thumb Code   302  stm32f1xx_hal_i2c.o(i.HAL_I2C_Init)
    HAL_I2C_MspInit                          0x080008a5   Thumb Code    54  stm32f1xx_hal_msp.o(i.HAL_I2C_MspInit)
    HAL_IncTick                              0x080008e9   Thumb Code    12  stm32f1xx_hal.o(i.HAL_IncTick)
    HAL_Init                                 0x080008f9   Thumb Code    32  stm32f1xx_hal.o(i.HAL_Init)
    HAL_InitTick                             0x0800091d   Thumb Code    54  stm32f1xx_hal.o(i.HAL_InitTick)
    HAL_MspInit                              0x0800095d   Thumb Code   118  stm32f1xx_hal_msp.o(i.HAL_MspInit)
    HAL_NVIC_EnableIRQ                       0x080009dd   Thumb Code    22  stm32f1xx_hal_cortex.o(i.HAL_NVIC_EnableIRQ)
    HAL_NVIC_SetPriority                     0x080009f5   Thumb Code    60  stm32f1xx_hal_cortex.o(i.HAL_NVIC_SetPriority)
    HAL_NVIC_SetPriorityGrouping             0x08000a35   Thumb Code    26  stm32f1xx_hal_cortex.o(i.HAL_NVIC_SetPriorityGrouping)
    HAL_PCDEx_PMAConfig                      0x08000a59   Thumb Code    52  stm32f1xx_hal_pcd_ex.o(i.HAL_PCDEx_PMAConfig)
    HAL_PCDEx_SetConnectionState             0x08000a8d   Thumb Code     2  usbd_conf.o(i.HAL_PCDEx_SetConnectionState)
    HAL_PCD_DataInStageCallback              0x08000a8f   Thumb Code    14  usbd_conf.o(i.HAL_PCD_DataInStageCallback)
    HAL_PCD_DataOutStageCallback             0x08000a9d   Thumb Code    16  usbd_conf.o(i.HAL_PCD_DataOutStageCallback)
    HAL_PCD_EP_Close                         0x08000aad   Thumb Code    64  stm32f1xx_hal_pcd.o(i.HAL_PCD_EP_Close)
    HAL_PCD_EP_ClrStall                      0x08000aed   Thumb Code    72  stm32f1xx_hal_pcd.o(i.HAL_PCD_EP_ClrStall)
    HAL_PCD_EP_GetRxCount                    0x08000b35   Thumb Code    16  stm32f1xx_hal_pcd.o(i.HAL_PCD_EP_GetRxCount)
    HAL_PCD_EP_Open                          0x08000b45   Thumb Code    68  stm32f1xx_hal_pcd.o(i.HAL_PCD_EP_Open)
    HAL_PCD_EP_Receive                       0x08000b89   Thumb Code    46  stm32f1xx_hal_pcd.o(i.HAL_PCD_EP_Receive)
    HAL_PCD_EP_SetStall                      0x08000bb7   Thumb Code    86  stm32f1xx_hal_pcd.o(i.HAL_PCD_EP_SetStall)
    HAL_PCD_EP_Transmit                      0x08000c0d   Thumb Code    42  stm32f1xx_hal_pcd.o(i.HAL_PCD_EP_Transmit)
    HAL_PCD_IRQHandler                       0x08000c37   Thumb Code   268  stm32f1xx_hal_pcd.o(i.HAL_PCD_IRQHandler)
    HAL_PCD_Init                             0x08000d45   Thumb Code   192  stm32f1xx_hal_pcd.o(i.HAL_PCD_Init)
    HAL_PCD_MspInit                          0x08000e05   Thumb Code    50  usbd_conf.o(i.HAL_PCD_MspInit)
    HAL_PCD_ResetCallback                    0x08000e41   Thumb Code    26  usbd_conf.o(i.HAL_PCD_ResetCallback)
    HAL_PCD_ResumeCallback                   0x08000e5b   Thumb Code     8  usbd_conf.o(i.HAL_PCD_ResumeCallback)
    HAL_PCD_SOFCallback                      0x08000e63   Thumb Code     8  usbd_conf.o(i.HAL_PCD_SOFCallback)
    HAL_PCD_SetAddress                       0x08000e6b   Thumb Code    40  stm32f1xx_hal_pcd.o(i.HAL_PCD_SetAddress)
    HAL_PCD_SetupStageCallback               0x08000e93   Thumb Code    14  usbd_conf.o(i.HAL_PCD_SetupStageCallback)
    HAL_PCD_Start                            0x08000ea1   Thumb Code    50  stm32f1xx_hal_pcd.o(i.HAL_PCD_Start)
    HAL_PCD_SuspendCallback                  0x08000ed5   Thumb Code    30  usbd_conf.o(i.HAL_PCD_SuspendCallback)
    HAL_PWR_EnableWakeUpPin                  0x08000ef9   Thumb Code    22  stm32f1xx_hal_pwr.o(i.HAL_PWR_EnableWakeUpPin)
    HAL_PWR_EnterSTANDBYMode                 0x08000f15   Thumb Code    24  stm32f1xx_hal_pwr.o(i.HAL_PWR_EnterSTANDBYMode)
    HAL_RCCEx_PeriphCLKConfig                0x08000f35   Thumb Code   224  stm32f1xx_hal_rcc_ex.o(i.HAL_RCCEx_PeriphCLKConfig)
    HAL_RCC_ClockConfig                      0x08001021   Thumb Code   322  stm32f1xx_hal_rcc.o(i.HAL_RCC_ClockConfig)
    HAL_RCC_GetHCLKFreq                      0x08001175   Thumb Code     6  stm32f1xx_hal_rcc.o(i.HAL_RCC_GetHCLKFreq)
    HAL_RCC_GetPCLK1Freq                     0x08001181   Thumb Code    20  stm32f1xx_hal_rcc.o(i.HAL_RCC_GetPCLK1Freq)
    HAL_RCC_GetPCLK2Freq                     0x080011a1   Thumb Code    20  stm32f1xx_hal_rcc.o(i.HAL_RCC_GetPCLK2Freq)
    HAL_RCC_GetSysClockFreq                  0x080011c1   Thumb Code    74  stm32f1xx_hal_rcc.o(i.HAL_RCC_GetSysClockFreq)
    HAL_RCC_OscConfig                        0x0800122d   Thumb Code   750  stm32f1xx_hal_rcc.o(i.HAL_RCC_OscConfig)
    HAL_SPI_Init                             0x08001531   Thumb Code   130  stm32f1xx_hal_spi_ex.o(i.HAL_SPI_Init)
    HAL_SPI_MspInit                          0x080015b5   Thumb Code    74  stm32f1xx_hal_msp.o(i.HAL_SPI_MspInit)
    HAL_SYSTICK_CLKSourceConfig              0x0800160d   Thumb Code    24  stm32f1xx_hal_cortex.o(i.HAL_SYSTICK_CLKSourceConfig)
    HAL_SYSTICK_Callback                     0x08001625   Thumb Code     2  stm32f1xx_hal_cortex.o(i.HAL_SYSTICK_Callback)
    HAL_SYSTICK_Config                       0x08001627   Thumb Code    40  stm32f1xx_hal_cortex.o(i.HAL_SYSTICK_Config)
    HAL_SYSTICK_IRQHandler                   0x0800164f   Thumb Code     8  stm32f1xx_hal_cortex.o(i.HAL_SYSTICK_IRQHandler)
    HAL_TIMEx_BreakCallback                  0x08001657   Thumb Code     2  stm32f1xx_hal_tim_ex.o(i.HAL_TIMEx_BreakCallback)
    HAL_TIMEx_CommutationCallback            0x08001659   Thumb Code     2  stm32f1xx_hal_tim_ex.o(i.HAL_TIMEx_CommutationCallback)
    HAL_TIMEx_MasterConfigSynchronization    0x0800165b   Thumb Code    80  stm32f1xx_hal_tim_ex.o(i.HAL_TIMEx_MasterConfigSynchronization)
    HAL_TIM_Base_Init                        0x080016ab   Thumb Code    54  stm32f1xx_hal_tim.o(i.HAL_TIM_Base_Init)
    HAL_TIM_Base_MspInit                     0x080016e1   Thumb Code    50  stm32f1xx_hal_msp.o(i.HAL_TIM_Base_MspInit)
    HAL_TIM_Base_Start_IT                    0x0800171d   Thumb Code    24  stm32f1xx_hal_tim.o(i.HAL_TIM_Base_Start_IT)
    HAL_TIM_ConfigClockSource                0x08001735   Thumb Code   242  stm32f1xx_hal_tim.o(i.HAL_TIM_ConfigClockSource)
    HAL_TIM_IC_CaptureCallback               0x08001827   Thumb Code     2  stm32f1xx_hal_tim.o(i.HAL_TIM_IC_CaptureCallback)
    HAL_TIM_IRQHandler                       0x08001829   Thumb Code   358  stm32f1xx_hal_tim.o(i.HAL_TIM_IRQHandler)
    HAL_TIM_OC_DelayElapsedCallback          0x0800198f   Thumb Code     2  stm32f1xx_hal_tim.o(i.HAL_TIM_OC_DelayElapsedCallback)
    HAL_TIM_PWM_PulseFinishedCallback        0x08001991   Thumb Code     2  stm32f1xx_hal_tim.o(i.HAL_TIM_PWM_PulseFinishedCallback)
    HAL_TIM_PeriodElapsedCallback            0x08001993   Thumb Code     2  stm32f1xx_hal_tim.o(i.HAL_TIM_PeriodElapsedCallback)
    HAL_TIM_TriggerCallback                  0x08001995   Thumb Code     2  stm32f1xx_hal_tim.o(i.HAL_TIM_TriggerCallback)
    HAL_UART_DMAStop                         0x08001997   Thumb Code    88  stm32f1xx_hal_uart.o(i.HAL_UART_DMAStop)
    HAL_UART_ErrorCallback                   0x080019ef   Thumb Code     2  stm32f1xx_hal_uart.o(i.HAL_UART_ErrorCallback)
    HAL_UART_Init                            0x080019f1   Thumb Code    98  stm32f1xx_hal_uart.o(i.HAL_UART_Init)
    HAL_UART_MspInit                         0x08001a55   Thumb Code   220  stm32f1xx_hal_msp.o(i.HAL_UART_MspInit)
    HAL_UART_Receive_DMA                     0x08001b6d   Thumb Code   138  stm32f1xx_hal_uart.o(i.HAL_UART_Receive_DMA)
    HAL_UART_RxCpltCallback                  0x08001c05   Thumb Code     2  stm32f1xx_hal_uart.o(i.HAL_UART_RxCpltCallback)
    HAL_UART_RxHalfCpltCallback              0x08001c07   Thumb Code     2  stm32f1xx_hal_uart.o(i.HAL_UART_RxHalfCpltCallback)
    HAL_UART_Transmit                        0x08001c09   Thumb Code   186  stm32f1xx_hal_uart.o(i.HAL_UART_Transmit)
    HardFault_Handler                        0x08001cc3   Thumb Code     2  stm32f1xx_it.o(i.HardFault_Handler)
    MX_USB_DEVICE_Init                       0x08001e55   Thumb Code    38  usb_device.o(i.MX_USB_DEVICE_Init)
    MemManage_Handler                        0x08001e8d   Thumb Code     2  stm32f1xx_it.o(i.MemManage_Handler)
    NMI_Handler                              0x08001e8f   Thumb Code     2  stm32f1xx_it.o(i.NMI_Handler)
    PendSV_Handler                           0x08002213   Thumb Code     2  stm32f1xx_it.o(i.PendSV_Handler)
    SVC_Handler                              0x08002215   Thumb Code     2  stm32f1xx_it.o(i.SVC_Handler)
    SysTick_Handler                          0x08002217   Thumb Code    14  stm32f1xx_it.o(i.SysTick_Handler)
    SystemClock_Config                       0x08002225   Thumb Code   122  main.o(i.SystemClock_Config)
    SystemInit                               0x080022a1   Thumb Code    56  system_stm32f1xx.o(i.SystemInit)
    TIM1_UP_IRQHandler                       0x080022e9   Thumb Code   414  stm32f1xx_it.o(i.TIM1_UP_IRQHandler)
    TIM_Base_SetConfig                       0x08002499   Thumb Code    94  stm32f1xx_hal_tim.o(i.TIM_Base_SetConfig)
    USBD_CDC_GetDeviceQualifierDescriptor    0x080028a5   Thumb Code     8  usbd_cdc.o(i.USBD_CDC_GetDeviceQualifierDescriptor)
    USBD_CDC_ReceivePacket                   0x0800295d   Thumb Code    40  usbd_cdc.o(i.USBD_CDC_ReceivePacket)
    USBD_CDC_RegisterInterface               0x08002985   Thumb Code    16  usbd_cdc.o(i.USBD_CDC_RegisterInterface)
    USBD_CDC_SetRxBuffer                     0x08002995   Thumb Code    12  usbd_cdc.o(i.USBD_CDC_SetRxBuffer)
    USBD_CDC_SetTxBuffer                     0x080029a1   Thumb Code    16  usbd_cdc.o(i.USBD_CDC_SetTxBuffer)
    USBD_CDC_TransmitPacket                  0x08002a21   Thumb Code    48  usbd_cdc.o(i.USBD_CDC_TransmitPacket)
    USBD_ClrClassConfig                      0x08002a51   Thumb Code    14  usbd_core.o(i.USBD_ClrClassConfig)
    USBD_CtlContinueRx                       0x08002a5f   Thumb Code    16  usbd_ioreq.o(i.USBD_CtlContinueRx)
    USBD_CtlContinueSendData                 0x08002a6f   Thumb Code    16  usbd_ioreq.o(i.USBD_CtlContinueSendData)
    USBD_CtlError                            0x08002a7f   Thumb Code    22  usbd_ctlreq.o(i.USBD_CtlError)
    USBD_CtlPrepareRx                        0x08002a95   Thumb Code    30  usbd_ioreq.o(i.USBD_CtlPrepareRx)
    USBD_CtlReceiveStatus                    0x08002ab3   Thumb Code    22  usbd_ioreq.o(i.USBD_CtlReceiveStatus)
    USBD_CtlSendData                         0x08002ac9   Thumb Code    26  usbd_ioreq.o(i.USBD_CtlSendData)
    USBD_CtlSendStatus                       0x08002ae3   Thumb Code    22  usbd_ioreq.o(i.USBD_CtlSendStatus)
    USBD_FS_ConfigStrDescriptor              0x08002af9   Thumb Code    16  usbd_desc.o(i.USBD_FS_ConfigStrDescriptor)
    USBD_FS_DeviceDescriptor                 0x08002b19   Thumb Code     8  usbd_desc.o(i.USBD_FS_DeviceDescriptor)
    USBD_FS_InterfaceStrDescriptor           0x08002b25   Thumb Code    16  usbd_desc.o(i.USBD_FS_InterfaceStrDescriptor)
    USBD_FS_LangIDStrDescriptor              0x08002b49   Thumb Code     8  usbd_desc.o(i.USBD_FS_LangIDStrDescriptor)
    USBD_FS_ManufacturerStrDescriptor        0x08002b55   Thumb Code    16  usbd_desc.o(i.USBD_FS_ManufacturerStrDescriptor)
    USBD_FS_ProductStrDescriptor             0x08002b7d   Thumb Code    16  usbd_desc.o(i.USBD_FS_ProductStrDescriptor)
    USBD_FS_SerialStrDescriptor              0x08002ba9   Thumb Code    16  usbd_desc.o(i.USBD_FS_SerialStrDescriptor)
    USBD_GetString                           0x08002cad   Thumb Code    70  usbd_ctlreq.o(i.USBD_GetString)
    USBD_Init                                0x08002cf3   Thumb Code    42  usbd_core.o(i.USBD_Init)
    USBD_LL_ClearStallEP                     0x08002d1d   Thumb Code    32  usbd_conf.o(i.USBD_LL_ClearStallEP)
    USBD_LL_CloseEP                          0x08002d3d   Thumb Code    32  usbd_conf.o(i.USBD_LL_CloseEP)
    USBD_LL_DataInStage                      0x08002d5d   Thumb Code   170  usbd_core.o(i.USBD_LL_DataInStage)
    USBD_LL_DataOutStage                     0x08002e07   Thumb Code   106  usbd_core.o(i.USBD_LL_DataOutStage)
    USBD_LL_GetRxDataSize                    0x08002e71   Thumb Code     8  usbd_conf.o(i.USBD_LL_GetRxDataSize)
    USBD_LL_Init                             0x08002e79   Thumb Code   128  usbd_conf.o(i.USBD_LL_Init)
    USBD_LL_IsStallEP                        0x08002f15   Thumb Code    28  usbd_conf.o(i.USBD_LL_IsStallEP)
    USBD_LL_OpenEP                           0x08002f31   Thumb Code    38  usbd_conf.o(i.USBD_LL_OpenEP)
    USBD_LL_PrepareReceive                   0x08002f57   Thumb Code    32  usbd_conf.o(i.USBD_LL_PrepareReceive)
    USBD_LL_Reset                            0x08002f77   Thumb Code    62  usbd_core.o(i.USBD_LL_Reset)
    USBD_LL_Resume                           0x08002fb5   Thumb Code    12  usbd_core.o(i.USBD_LL_Resume)
    USBD_LL_SOF                              0x08002fc1   Thumb Code    24  usbd_core.o(i.USBD_LL_SOF)
    USBD_LL_SetSpeed                         0x08002fd9   Thumb Code     6  usbd_core.o(i.USBD_LL_SetSpeed)
    USBD_LL_SetUSBAddress                    0x08002fdf   Thumb Code    32  usbd_conf.o(i.USBD_LL_SetUSBAddress)
    USBD_LL_SetupStage                       0x08002fff   Thumb Code    90  usbd_core.o(i.USBD_LL_SetupStage)
    USBD_LL_StallEP                          0x08003059   Thumb Code    32  usbd_conf.o(i.USBD_LL_StallEP)
    USBD_LL_Start                            0x08003079   Thumb Code    32  usbd_conf.o(i.USBD_LL_Start)
    USBD_LL_Suspend                          0x08003099   Thumb Code    18  usbd_core.o(i.USBD_LL_Suspend)
    USBD_LL_Transmit                         0x080030ab   Thumb Code    32  usbd_conf.o(i.USBD_LL_Transmit)
    USBD_ParseSetupRequest                   0x080030cb   Thumb Code    40  usbd_ctlreq.o(i.USBD_ParseSetupRequest)
    USBD_RegisterClass                       0x080030f3   Thumb Code    16  usbd_core.o(i.USBD_RegisterClass)
    USBD_SetClassConfig                      0x08003103   Thumb Code    22  usbd_core.o(i.USBD_SetClassConfig)
    USBD_Start                               0x0800318d   Thumb Code    10  usbd_core.o(i.USBD_Start)
    USBD_StdDevReq                           0x08003197   Thumb Code   242  usbd_ctlreq.o(i.USBD_StdDevReq)
    USBD_StdEPReq                            0x08003289   Thumb Code   220  usbd_ctlreq.o(i.USBD_StdEPReq)
    USBD_StdItfReq                           0x08003365   Thumb Code    52  usbd_ctlreq.o(i.USBD_StdItfReq)
    USBD_static_free                         0x08003399   Thumb Code     2  usbd_conf.o(i.USBD_static_free)
    USBD_static_malloc                       0x0800339d   Thumb Code     4  usbd_conf.o(i.USBD_static_malloc)
    USB_ActivateEndpoint                     0x080033a5   Thumb Code   604  stm32f1xx_ll_usb.o(i.USB_ActivateEndpoint)
    USB_CoreInit                             0x08003601   Thumb Code     4  stm32f1xx_ll_usb.o(i.USB_CoreInit)
    USB_DeactivateEndpoint                   0x08003605   Thumb Code   292  stm32f1xx_ll_usb.o(i.USB_DeactivateEndpoint)
    USB_DevConnect                           0x08003729   Thumb Code     4  stm32f1xx_ll_usb.o(i.USB_DevConnect)
    USB_DevDisconnect                        0x0800372d   Thumb Code     4  stm32f1xx_ll_usb.o(i.USB_DevDisconnect)
    USB_DevInit                              0x08003731   Thumb Code    30  stm32f1xx_ll_usb.o(i.USB_DevInit)
    USB_DisableGlobalInt                     0x0800374f   Thumb Code    14  stm32f1xx_ll_usb.o(i.USB_DisableGlobalInt)
    USB_EP0_OutStart                         0x0800375d   Thumb Code     4  stm32f1xx_ll_usb.o(i.USB_EP0_OutStart)
    USB_EPClearStall                         0x08003761   Thumb Code   106  stm32f1xx_ll_usb.o(i.USB_EPClearStall)
    USB_EPSetStall                           0x080037cb   Thumb Code    74  stm32f1xx_ll_usb.o(i.USB_EPSetStall)
    USB_EPStartXfer                          0x08003815   Thumb Code   426  stm32f1xx_ll_usb.o(i.USB_EPStartXfer)
    USB_EnableGlobalInt                      0x080039bf   Thumb Code    14  stm32f1xx_ll_usb.o(i.USB_EnableGlobalInt)
    USB_LP_CAN1_RX0_IRQHandler               0x080039cd   Thumb Code     6  stm32f1xx_it.o(i.USB_LP_CAN1_RX0_IRQHandler)
    USB_ReadInterrupts                       0x080039d9   Thumb Code     6  stm32f1xx_ll_usb.o(i.USB_ReadInterrupts)
    USB_ReadPMA                              0x080039e1   Thumb Code    30  stm32f1xx_ll_usb.o(i.USB_ReadPMA)
    USB_SetCurrentMode                       0x080039ff   Thumb Code     4  stm32f1xx_ll_usb.o(i.USB_SetCurrentMode)
    USB_SetDevAddress                        0x08003a03   Thumb Code    12  stm32f1xx_ll_usb.o(i.USB_SetDevAddress)
    USB_WritePMA                             0x08003a0f   Thumb Code    38  stm32f1xx_ll_usb.o(i.USB_WritePMA)
    UsageFault_Handler                       0x08003a35   Thumb Code     2  stm32f1xx_it.o(i.UsageFault_Handler)
    _Error_Handler                           0x08003a37   Thumb Code     2  main.o(i._Error_Handler)
    __scatterload_copy                       0x08003a39   Thumb Code    14  handlers.o(i.__scatterload_copy)
    __scatterload_null                       0x08003a47   Thumb Code     2  handlers.o(i.__scatterload_null)
    __scatterload_zeroinit                   0x08003a49   Thumb Code    14  handlers.o(i.__scatterload_zeroinit)
    main                                     0x08003a59   Thumb Code   438  main.o(i.main)
    printCMD                                 0x08003c85   Thumb Code    32  main.o(i.printCMD)
    AHBPrescTable                            0x08003ca8   Data          16  system_stm32f1xx.o(.constdata)
    APBPrescTable                            0x08003cb8   Data           8  system_stm32f1xx.o(.constdata)
    Region$$Table$$Base                      0x08003cc0   Number         0  anon$$obj.o(Region$$Table)
    Region$$Table$$Limit                     0x08003ce0   Number         0  anon$$obj.o(Region$$Table)
    USBD_CDC_CfgHSDesc                       0x20000010   Data          67  usbd_cdc.o(.data)
    USBD_CDC_CfgFSDesc                       0x20000054   Data          67  usbd_cdc.o(.data)
    USBD_CDC_OtherSpeedCfgDesc               0x20000098   Data          67  usbd_cdc.o(.data)
    USBD_CDC                                 0x200000dc   Data          56  usbd_cdc.o(.data)
    uwTickFreq                               0x20000118   Data           1  stm32f1xx_hal.o(.data)
    uwTickPrio                               0x2000011c   Data           4  stm32f1xx_hal.o(.data)
    uwTick                                   0x20000120   Data           4  stm32f1xx_hal.o(.data)
    SystemCoreClock                          0x20000124   Data           4  system_stm32f1xx.o(.data)
    USBD_Interface_fops_FS                   0x20000128   Data          16  usbd_cdc_if.o(.data)
    UserRxBufferFS                           0x20000138   Data           4  usbd_cdc_if.o(.data)
    UserTxBufferFS                           0x2000013c   Data           4  usbd_cdc_if.o(.data)
    bufferInUse                              0x20000140   Data           1  stm32f1xx_it.o(.data)
    nanoPIFlag                               0x20000141   Data           1  stm32f1xx_it.o(.data)
    startUpFlag                              0x20000142   Data           1  stm32f1xx_it.o(.data)
    lastTick                                 0x20000144   Data           4  stm32f1xx_it.o(.data)
    targetString                             0x20000148   Data          12  stm32f1xx_it.o(.data)
    FS_Desc                                  0x20000154   Data          28  usbd_desc.o(.data)
    USBD_LangIDDesc                          0x20000170   Data           4  usbd_desc.o(.data)
    USBD_FS_DeviceDesc                       0x20000174   Data          18  usbd_desc.o(.data)
    hi2c1                                    0x20000188   Data          84  main.o(.bss)
    hspi1                                    0x200001dc   Data          88  main.o(.bss)
    htim1                                    0x20000234   Data          64  main.o(.bss)
    huart1                                   0x20000274   Data          64  main.o(.bss)
    huart2                                   0x200002b4   Data          64  main.o(.bss)
    huart3                                   0x200002f4   Data          64  main.o(.bss)
    hdma_usart1_rx                           0x20000334   Data          68  main.o(.bss)
    rxBuffer1                                0x20000378   Data         100  stm32f1xx_it.o(.bss)
    rxBuffer2                                0x200003dc   Data         100  stm32f1xx_it.o(.bss)
    usbTxBuffer                              0x20000440   Data         100  stm32f1xx_it.o(.bss)
    rxBufferTail                             0x200004a4   Data         112  stm32f1xx_it.o(.bss)
    USBD_StrDesc                             0x20000514   Data         512  usbd_desc.o(.bss)
    hUsbDeviceFS                             0x20000714   Data         548  usb_device.o(.bss)
    hpcd_USB_FS                              0x20000b58   Data        1120  usbd_conf.o(.bss)
    __initial_sp                             0x200013b8   Data           0  startup_stm32f103xb.o(STACK)



==============================================================================

Memory Map of the image

  Image Entry point : 0x080000ed

  Load Region LR_IROM1 (Base: 0x08000000, Size: 0x00003e68, Max: 0x00010000, ABSOLUTE, COMPRESSED[0x00003dac])

    Execution Region ER_IROM1 (Base: 0x08000000, Size: 0x00003ce0, Max: 0x00010000, ABSOLUTE)

    Base Addr    Size         Type   Attr      Idx    E Section Name        Object

    0x08000000   0x000000ec   Data   RO         3792    RESET               startup_stm32f103xb.o
    0x080000ec   0x00000000   Code   RO         4448  * .ARM.Collect$$$$00000000  mc_w.l(entry.o)
    0x080000ec   0x00000004   Code   RO         4459    .ARM.Collect$$$$00000001  mc_w.l(entry2.o)
    0x080000f0   0x00000004   Code   RO         4462    .ARM.Collect$$$$00000004  mc_w.l(entry5.o)
    0x080000f4   0x00000000   Code   RO         4464    .ARM.Collect$$$$00000008  mc_w.l(entry7b.o)
    0x080000f4   0x00000000   Code   RO         4466    .ARM.Collect$$$$0000000A  mc_w.l(entry8b.o)
    0x080000f4   0x00000008   Code   RO         4467    .ARM.Collect$$$$0000000B  mc_w.l(entry9a.o)
    0x080000fc   0x00000000   Code   RO         4469    .ARM.Collect$$$$0000000D  mc_w.l(entry10a.o)
    0x080000fc   0x00000000   Code   RO         4471    .ARM.Collect$$$$0000000F  mc_w.l(entry11a.o)
    0x080000fc   0x00000004   Code   RO         4460    .ARM.Collect$$$$00002712  mc_w.l(entry2.o)
    0x08000100   0x00000024   Code   RO         3793    .text               startup_stm32f103xb.o
    0x08000124   0x00000024   Code   RO         4453    .text               mc_w.l(memcpya.o)
    0x08000148   0x0000000e   Code   RO         4455    .text               mc_w.l(strlen.o)
    0x08000156   0x00000002   PAD
    0x08000158   0x00000024   Code   RO         4473    .text               mc_w.l(init.o)
    0x0800017c   0x00000056   Code   RO         4483    .text               mc_w.l(__dczerorl2.o)
    0x080001d2   0x00000002   Code   RO         3968    i.BusFault_Handler  stm32f1xx_it.o
    0x080001d4   0x00000004   Code   RO         3838    i.CDC_Control_FS    usbd_cdc_if.o
    0x080001d8   0x00000004   Code   RO         3839    i.CDC_DeInit_FS     usbd_cdc_if.o
    0x080001dc   0x00000024   Code   RO         3840    i.CDC_Init_FS       usbd_cdc_if.o
    0x08000200   0x00000030   Code   RO         3841    i.CDC_Receive_FS    usbd_cdc_if.o
    0x08000230   0x0000002c   Code   RO         3842    i.CDC_Transmit_FS   usbd_cdc_if.o
    0x0800025c   0x0000000c   Code   RO         3969    i.DMA1_Channel5_IRQHandler  stm32f1xx_it.o
    0x08000268   0x0000002a   Code   RO         1854    i.DMA_SetConfig     stm32f1xx_hal_dma.o
    0x08000292   0x00000002   Code   RO         3970    i.DebugMon_Handler  stm32f1xx_it.o
    0x08000294   0x0000005c   Code   RO         3971    i.EXTI3_IRQHandler  stm32f1xx_it.o
    0x080002f0   0x00000030   Code   RO         1855    i.HAL_DMA_Abort     stm32f1xx_hal_dma.o
    0x08000320   0x00000154   Code   RO         1860    i.HAL_DMA_IRQHandler  stm32f1xx_hal_dma.o
    0x08000474   0x00000064   Code   RO         1861    i.HAL_DMA_Init      stm32f1xx_hal_dma.o
    0x080004d8   0x00000070   Code   RO         1865    i.HAL_DMA_Start_IT  stm32f1xx_hal_dma.o
    0x08000548   0x00000024   Code   RO          745    i.HAL_Delay         stm32f1xx_hal.o
    0x0800056c   0x00000002   Code   RO         3303    i.HAL_GPIO_EXTI_Callback  stm32f1xx_hal_gpio.o
    0x0800056e   0x00000002   PAD
    0x08000570   0x00000018   Code   RO         3304    i.HAL_GPIO_EXTI_IRQHandler  stm32f1xx_hal_gpio.o
    0x08000588   0x000001bc   Code   RO         3305    i.HAL_GPIO_Init     stm32f1xx_hal_gpio.o
    0x08000744   0x0000000a   Code   RO         3307    i.HAL_GPIO_ReadPin  stm32f1xx_hal_gpio.o
    0x0800074e   0x0000000a   Code   RO         3309    i.HAL_GPIO_WritePin  stm32f1xx_hal_gpio.o
    0x08000758   0x0000000c   Code   RO          749    i.HAL_GetTick       stm32f1xx_hal.o
    0x08000764   0x00000140   Code   RO         2145    i.HAL_I2C_Init      stm32f1xx_hal_i2c.o
    0x080008a4   0x00000044   Code   RO         4379    i.HAL_I2C_MspInit   stm32f1xx_hal_msp.o
    0x080008e8   0x00000010   Code   RO          753    i.HAL_IncTick       stm32f1xx_hal.o
    0x080008f8   0x00000024   Code   RO          754    i.HAL_Init          stm32f1xx_hal.o
    0x0800091c   0x00000040   Code   RO          755    i.HAL_InitTick      stm32f1xx_hal.o
    0x0800095c   0x00000080   Code   RO         4380    i.HAL_MspInit       stm32f1xx_hal_msp.o
    0x080009dc   0x00000016   Code   RO         2619    i.HAL_NVIC_EnableIRQ  stm32f1xx_hal_cortex.o
    0x080009f2   0x00000002   PAD
    0x080009f4   0x00000040   Code   RO         2625    i.HAL_NVIC_SetPriority  stm32f1xx_hal_cortex.o
    0x08000a34   0x00000024   Code   RO         2626    i.HAL_NVIC_SetPriorityGrouping  stm32f1xx_hal_cortex.o
    0x08000a58   0x00000034   Code   RO         3057    i.HAL_PCDEx_PMAConfig  stm32f1xx_hal_pcd_ex.o
    0x08000a8c   0x00000002   Code   RO         4171    i.HAL_PCDEx_SetConnectionState  usbd_conf.o
    0x08000a8e   0x0000000e   Code   RO         4173    i.HAL_PCD_DataInStageCallback  usbd_conf.o
    0x08000a9c   0x00000010   Code   RO         4174    i.HAL_PCD_DataOutStageCallback  usbd_conf.o
    0x08000aac   0x00000040   Code   RO         3096    i.HAL_PCD_EP_Close  stm32f1xx_hal_pcd.o
    0x08000aec   0x00000048   Code   RO         3097    i.HAL_PCD_EP_ClrStall  stm32f1xx_hal_pcd.o
    0x08000b34   0x00000010   Code   RO         3099    i.HAL_PCD_EP_GetRxCount  stm32f1xx_hal_pcd.o
    0x08000b44   0x00000044   Code   RO         3100    i.HAL_PCD_EP_Open   stm32f1xx_hal_pcd.o
    0x08000b88   0x0000002e   Code   RO         3101    i.HAL_PCD_EP_Receive  stm32f1xx_hal_pcd.o
    0x08000bb6   0x00000056   Code   RO         3102    i.HAL_PCD_EP_SetStall  stm32f1xx_hal_pcd.o
    0x08000c0c   0x0000002a   Code   RO         3103    i.HAL_PCD_EP_Transmit  stm32f1xx_hal_pcd.o
    0x08000c36   0x0000010c   Code   RO         3105    i.HAL_PCD_IRQHandler  stm32f1xx_hal_pcd.o
    0x08000d42   0x00000002   PAD
    0x08000d44   0x000000c0   Code   RO         3108    i.HAL_PCD_Init      stm32f1xx_hal_pcd.o
    0x08000e04   0x0000003c   Code   RO         4179    i.HAL_PCD_MspInit   usbd_conf.o
    0x08000e40   0x0000001a   Code   RO         4180    i.HAL_PCD_ResetCallback  usbd_conf.o
    0x08000e5a   0x00000008   Code   RO         4181    i.HAL_PCD_ResumeCallback  usbd_conf.o
    0x08000e62   0x00000008   Code   RO         4182    i.HAL_PCD_SOFCallback  usbd_conf.o
    0x08000e6a   0x00000028   Code   RO         3114    i.HAL_PCD_SetAddress  stm32f1xx_hal_pcd.o
    0x08000e92   0x0000000e   Code   RO         4183    i.HAL_PCD_SetupStageCallback  usbd_conf.o
    0x08000ea0   0x00000032   Code   RO         3116    i.HAL_PCD_Start     stm32f1xx_hal_pcd.o
    0x08000ed2   0x00000002   PAD
    0x08000ed4   0x00000024   Code   RO         4184    i.HAL_PCD_SuspendCallback  usbd_conf.o
    0x08000ef8   0x0000001c   Code   RO         2020    i.HAL_PWR_EnableWakeUpPin  stm32f1xx_hal_pwr.o
    0x08000f14   0x00000020   Code   RO         2022    i.HAL_PWR_EnterSTANDBYMode  stm32f1xx_hal_pwr.o
    0x08000f34   0x000000ec   Code   RO          601    i.HAL_RCCEx_PeriphCLKConfig  stm32f1xx_hal_rcc_ex.o
    0x08001020   0x00000154   Code   RO          498    i.HAL_RCC_ClockConfig  stm32f1xx_hal_rcc.o
    0x08001174   0x0000000c   Code   RO          503    i.HAL_RCC_GetHCLKFreq  stm32f1xx_hal_rcc.o
    0x08001180   0x00000020   Code   RO          505    i.HAL_RCC_GetPCLK1Freq  stm32f1xx_hal_rcc.o
    0x080011a0   0x00000020   Code   RO          506    i.HAL_RCC_GetPCLK2Freq  stm32f1xx_hal_rcc.o
    0x080011c0   0x0000006c   Code   RO          507    i.HAL_RCC_GetSysClockFreq  stm32f1xx_hal_rcc.o
    0x0800122c   0x00000304   Code   RO          510    i.HAL_RCC_OscConfig  stm32f1xx_hal_rcc.o
    0x08001530   0x00000082   Code   RO         1949    i.HAL_SPI_Init      stm32f1xx_hal_spi_ex.o
    0x080015b2   0x00000002   PAD
    0x080015b4   0x00000058   Code   RO         4382    i.HAL_SPI_MspInit   stm32f1xx_hal_msp.o
    0x0800160c   0x00000018   Code   RO         2628    i.HAL_SYSTICK_CLKSourceConfig  stm32f1xx_hal_cortex.o
    0x08001624   0x00000002   Code   RO         2629    i.HAL_SYSTICK_Callback  stm32f1xx_hal_cortex.o
    0x08001626   0x00000028   Code   RO         2630    i.HAL_SYSTICK_Config  stm32f1xx_hal_cortex.o
    0x0800164e   0x00000008   Code   RO         2631    i.HAL_SYSTICK_IRQHandler  stm32f1xx_hal_cortex.o
    0x08001656   0x00000002   Code   RO         3560    i.HAL_TIMEx_BreakCallback  stm32f1xx_hal_tim_ex.o
    0x08001658   0x00000002   Code   RO         3561    i.HAL_TIMEx_CommutationCallback  stm32f1xx_hal_tim_ex.o
    0x0800165a   0x00000050   Code   RO         3577    i.HAL_TIMEx_MasterConfigSynchronization  stm32f1xx_hal_tim_ex.o
    0x080016aa   0x00000036   Code   RO         1225    i.HAL_TIM_Base_Init  stm32f1xx_hal_tim.o
    0x080016e0   0x0000003c   Code   RO         4384    i.HAL_TIM_Base_MspInit  stm32f1xx_hal_msp.o
    0x0800171c   0x00000018   Code   RO         1230    i.HAL_TIM_Base_Start_IT  stm32f1xx_hal_tim.o
    0x08001734   0x000000f2   Code   RO         1234    i.HAL_TIM_ConfigClockSource  stm32f1xx_hal_tim.o
    0x08001826   0x00000002   Code   RO         1254    i.HAL_TIM_IC_CaptureCallback  stm32f1xx_hal_tim.o
    0x08001828   0x00000166   Code   RO         1267    i.HAL_TIM_IRQHandler  stm32f1xx_hal_tim.o
    0x0800198e   0x00000002   Code   RO         1270    i.HAL_TIM_OC_DelayElapsedCallback  stm32f1xx_hal_tim.o
    0x08001990   0x00000002   Code   RO         1297    i.HAL_TIM_PWM_PulseFinishedCallback  stm32f1xx_hal_tim.o
    0x08001992   0x00000002   Code   RO         1304    i.HAL_TIM_PeriodElapsedCallback  stm32f1xx_hal_tim.o
    0x08001994   0x00000002   Code   RO         1308    i.HAL_TIM_TriggerCallback  stm32f1xx_hal_tim.o
    0x08001996   0x00000058   Code   RO          916    i.HAL_UART_DMAStop  stm32f1xx_hal_uart.o
    0x080019ee   0x00000002   Code   RO          918    i.HAL_UART_ErrorCallback  stm32f1xx_hal_uart.o
    0x080019f0   0x00000062   Code   RO          922    i.HAL_UART_Init     stm32f1xx_hal_uart.o
    0x08001a52   0x00000002   PAD
    0x08001a54   0x00000118   Code   RO         4386    i.HAL_UART_MspInit  stm32f1xx_hal_msp.o
    0x08001b6c   0x00000098   Code   RO          926    i.HAL_UART_Receive_DMA  stm32f1xx_hal_uart.o
    0x08001c04   0x00000002   Code   RO          928    i.HAL_UART_RxCpltCallback  stm32f1xx_hal_uart.o
    0x08001c06   0x00000002   Code   RO          929    i.HAL_UART_RxHalfCpltCallback  stm32f1xx_hal_uart.o
    0x08001c08   0x000000ba   Code   RO          930    i.HAL_UART_Transmit  stm32f1xx_hal_uart.o
    0x08001cc2   0x00000002   Code   RO         3972    i.HardFault_Handler  stm32f1xx_it.o
    0x08001cc4   0x000000c0   Code   RO         3895    i.MX_GPIO_Init      main.o
    0x08001d84   0x00000038   Code   RO         3896    i.MX_I2C1_Init      main.o
    0x08001dbc   0x00000040   Code   RO         3897    i.MX_SPI1_Init      main.o
    0x08001dfc   0x00000058   Code   RO         3898    i.MX_TIM1_Init      main.o
    0x08001e54   0x00000038   Code   RO         4141    i.MX_USB_DEVICE_Init  usb_device.o
    0x08001e8c   0x00000002   Code   RO         3973    i.MemManage_Handler  stm32f1xx_it.o
    0x08001e8e   0x00000002   Code   RO         3974    i.NMI_Handler       stm32f1xx_it.o
    0x08001e90   0x00000020   Code   RO         2632    i.NVIC_SetPriority  stm32f1xx_hal_cortex.o
    0x08001eb0   0x00000362   Code   RO         3119    i.PCD_EP_ISR_Handler  stm32f1xx_hal_pcd.o
    0x08002212   0x00000002   Code   RO         3975    i.PendSV_Handler    stm32f1xx_it.o
    0x08002214   0x00000002   Code   RO         3976    i.SVC_Handler       stm32f1xx_it.o
    0x08002216   0x0000000e   Code   RO         3977    i.SysTick_Handler   stm32f1xx_it.o
    0x08002224   0x0000007a   Code   RO         3899    i.SystemClock_Config  main.o
    0x0800229e   0x00000002   PAD
    0x080022a0   0x00000048   Code   RO         3801    i.SystemInit        system_stm32f1xx.o
    0x080022e8   0x000001b0   Code   RO         3978    i.TIM1_UP_IRQHandler  stm32f1xx_it.o
    0x08002498   0x0000006c   Code   RO         1309    i.TIM_Base_SetConfig  stm32f1xx_hal_tim.o
    0x08002504   0x00000014   Code   RO         1316    i.TIM_ETR_SetConfig  stm32f1xx_hal_tim.o
    0x08002518   0x00000010   Code   RO         1317    i.TIM_ITRx_SetConfig  stm32f1xx_hal_tim.o
    0x08002528   0x00000022   Code   RO         1323    i.TIM_TI1_ConfigInputStage  stm32f1xx_hal_tim.o
    0x0800254a   0x00000024   Code   RO         1325    i.TIM_TI2_ConfigInputStage  stm32f1xx_hal_tim.o
    0x0800256e   0x0000004a   Code   RO          936    i.UART_DMAError     stm32f1xx_hal_uart.o
    0x080025b8   0x0000003c   Code   RO          937    i.UART_DMAReceiveCplt  stm32f1xx_hal_uart.o
    0x080025f4   0x0000000a   Code   RO          939    i.UART_DMARxHalfCplt  stm32f1xx_hal_uart.o
    0x080025fe   0x0000001c   Code   RO          945    i.UART_EndRxTransfer  stm32f1xx_hal_uart.o
    0x0800261a   0x00000012   Code   RO          946    i.UART_EndTxTransfer  stm32f1xx_hal_uart.o
    0x0800262c   0x00000170   Code   RO          948    i.UART_SetConfig    stm32f1xx_hal_uart.o
    0x0800279c   0x00000064   Code   RO          950    i.UART_WaitOnFlagUntilTimeout  stm32f1xx_hal_uart.o
    0x08002800   0x00000014   Code   RO            4    i.USBD_CDC_DataIn   usbd_cdc.o
    0x08002814   0x0000002e   Code   RO            5    i.USBD_CDC_DataOut  usbd_cdc.o
    0x08002842   0x0000003c   Code   RO            6    i.USBD_CDC_DeInit   usbd_cdc.o
    0x0800287e   0x00000024   Code   RO            7    i.USBD_CDC_EP0_RxReady  usbd_cdc.o
    0x080028a2   0x00000002   PAD
    0x080028a4   0x0000000c   Code   RO            8    i.USBD_CDC_GetDeviceQualifierDescriptor  usbd_cdc.o
    0x080028b0   0x0000000c   Code   RO            9    i.USBD_CDC_GetFSCfgDesc  usbd_cdc.o
    0x080028bc   0x0000000c   Code   RO           10    i.USBD_CDC_GetHSCfgDesc  usbd_cdc.o
    0x080028c8   0x0000000c   Code   RO           11    i.USBD_CDC_GetOtherSpeedCfgDesc  usbd_cdc.o
    0x080028d4   0x00000088   Code   RO           12    i.USBD_CDC_Init     usbd_cdc.o
    0x0800295c   0x00000028   Code   RO           13    i.USBD_CDC_ReceivePacket  usbd_cdc.o
    0x08002984   0x00000010   Code   RO           14    i.USBD_CDC_RegisterInterface  usbd_cdc.o
    0x08002994   0x0000000c   Code   RO           15    i.USBD_CDC_SetRxBuffer  usbd_cdc.o
    0x080029a0   0x00000010   Code   RO           16    i.USBD_CDC_SetTxBuffer  usbd_cdc.o
    0x080029b0   0x00000070   Code   RO           17    i.USBD_CDC_Setup    usbd_cdc.o
    0x08002a20   0x00000030   Code   RO           18    i.USBD_CDC_TransmitPacket  usbd_cdc.o
    0x08002a50   0x0000000e   Code   RO          234    i.USBD_ClrClassConfig  usbd_core.o
    0x08002a5e   0x00000010   Code   RO          437    i.USBD_CtlContinueRx  usbd_ioreq.o
    0x08002a6e   0x00000010   Code   RO          438    i.USBD_CtlContinueSendData  usbd_ioreq.o
    0x08002a7e   0x00000016   Code   RO          372    i.USBD_CtlError     usbd_ctlreq.o
    0x08002a94   0x0000001e   Code   RO          439    i.USBD_CtlPrepareRx  usbd_ioreq.o
    0x08002ab2   0x00000016   Code   RO          440    i.USBD_CtlReceiveStatus  usbd_ioreq.o
    0x08002ac8   0x0000001a   Code   RO          441    i.USBD_CtlSendData  usbd_ioreq.o
    0x08002ae2   0x00000016   Code   RO          442    i.USBD_CtlSendStatus  usbd_ioreq.o
    0x08002af8   0x00000020   Code   RO         4073    i.USBD_FS_ConfigStrDescriptor  usbd_desc.o
    0x08002b18   0x0000000c   Code   RO         4074    i.USBD_FS_DeviceDescriptor  usbd_desc.o
    0x08002b24   0x00000024   Code   RO         4075    i.USBD_FS_InterfaceStrDescriptor  usbd_desc.o
    0x08002b48   0x0000000c   Code   RO         4076    i.USBD_FS_LangIDStrDescriptor  usbd_desc.o
    0x08002b54   0x00000028   Code   RO         4077    i.USBD_FS_ManufacturerStrDescriptor  usbd_desc.o
    0x08002b7c   0x0000002c   Code   RO         4078    i.USBD_FS_ProductStrDescriptor  usbd_desc.o
    0x08002ba8   0x00000024   Code   RO         4079    i.USBD_FS_SerialStrDescriptor  usbd_desc.o
    0x08002bcc   0x000000e0   Code   RO          373    i.USBD_GetDescriptor  usbd_ctlreq.o
    0x08002cac   0x00000046   Code   RO          374    i.USBD_GetString    usbd_ctlreq.o
    0x08002cf2   0x0000002a   Code   RO          236    i.USBD_Init         usbd_core.o
    0x08002d1c   0x00000020   Code   RO         4185    i.USBD_LL_ClearStallEP  usbd_conf.o
    0x08002d3c   0x00000020   Code   RO         4186    i.USBD_LL_CloseEP   usbd_conf.o
    0x08002d5c   0x000000aa   Code   RO          237    i.USBD_LL_DataInStage  usbd_core.o
    0x08002e06   0x0000006a   Code   RO          238    i.USBD_LL_DataOutStage  usbd_core.o
    0x08002e70   0x00000008   Code   RO         4190    i.USBD_LL_GetRxDataSize  usbd_conf.o
    0x08002e78   0x0000009c   Code   RO         4191    i.USBD_LL_Init      usbd_conf.o
    0x08002f14   0x0000001c   Code   RO         4192    i.USBD_LL_IsStallEP  usbd_conf.o
    0x08002f30   0x00000026   Code   RO         4193    i.USBD_LL_OpenEP    usbd_conf.o
    0x08002f56   0x00000020   Code   RO         4194    i.USBD_LL_PrepareReceive  usbd_conf.o
    0x08002f76   0x0000003e   Code   RO          243    i.USBD_LL_Reset     usbd_core.o
    0x08002fb4   0x0000000c   Code   RO          244    i.USBD_LL_Resume    usbd_core.o
    0x08002fc0   0x00000018   Code   RO          245    i.USBD_LL_SOF       usbd_core.o
    0x08002fd8   0x00000006   Code   RO          246    i.USBD_LL_SetSpeed  usbd_core.o
    0x08002fde   0x00000020   Code   RO         4195    i.USBD_LL_SetUSBAddress  usbd_conf.o
    0x08002ffe   0x0000005a   Code   RO          247    i.USBD_LL_SetupStage  usbd_core.o
    0x08003058   0x00000020   Code   RO         4196    i.USBD_LL_StallEP   usbd_conf.o
    0x08003078   0x00000020   Code   RO         4197    i.USBD_LL_Start     usbd_conf.o
    0x08003098   0x00000012   Code   RO          248    i.USBD_LL_Suspend   usbd_core.o
    0x080030aa   0x00000020   Code   RO         4199    i.USBD_LL_Transmit  usbd_conf.o
    0x080030ca   0x00000028   Code   RO          375    i.USBD_ParseSetupRequest  usbd_ctlreq.o
    0x080030f2   0x00000010   Code   RO          249    i.USBD_RegisterClass  usbd_core.o
    0x08003102   0x00000016   Code   RO          251    i.USBD_SetClassConfig  usbd_core.o
    0x08003118   0x00000074   Code   RO          376    i.USBD_SetConfig    usbd_ctlreq.o
    0x0800318c   0x0000000a   Code   RO          252    i.USBD_Start        usbd_core.o
    0x08003196   0x000000f2   Code   RO          377    i.USBD_StdDevReq    usbd_ctlreq.o
    0x08003288   0x000000dc   Code   RO          378    i.USBD_StdEPReq     usbd_ctlreq.o
    0x08003364   0x00000034   Code   RO          379    i.USBD_StdItfReq    usbd_ctlreq.o
    0x08003398   0x00000002   Code   RO         4200    i.USBD_static_free  usbd_conf.o
    0x0800339a   0x00000002   PAD
    0x0800339c   0x00000008   Code   RO         4201    i.USBD_static_malloc  usbd_conf.o
    0x080033a4   0x0000025c   Code   RO         3368    i.USB_ActivateEndpoint  stm32f1xx_ll_usb.o
    0x08003600   0x00000004   Code   RO         3371    i.USB_CoreInit      stm32f1xx_ll_usb.o
    0x08003604   0x00000124   Code   RO         3373    i.USB_DeactivateEndpoint  stm32f1xx_ll_usb.o
    0x08003728   0x00000004   Code   RO         3374    i.USB_DevConnect    stm32f1xx_ll_usb.o
    0x0800372c   0x00000004   Code   RO         3375    i.USB_DevDisconnect  stm32f1xx_ll_usb.o
    0x08003730   0x0000001e   Code   RO         3376    i.USB_DevInit       stm32f1xx_ll_usb.o
    0x0800374e   0x0000000e   Code   RO         3377    i.USB_DisableGlobalInt  stm32f1xx_ll_usb.o
    0x0800375c   0x00000004   Code   RO         3378    i.USB_EP0_OutStart  stm32f1xx_ll_usb.o
    0x08003760   0x0000006a   Code   RO         3379    i.USB_EPClearStall  stm32f1xx_ll_usb.o
    0x080037ca   0x0000004a   Code   RO         3380    i.USB_EPSetStall    stm32f1xx_ll_usb.o
    0x08003814   0x000001aa   Code   RO         3381    i.USB_EPStartXfer   stm32f1xx_ll_usb.o
    0x080039be   0x0000000e   Code   RO         3382    i.USB_EnableGlobalInt  stm32f1xx_ll_usb.o
    0x080039cc   0x0000000c   Code   RO         3979    i.USB_LP_CAN1_RX0_IRQHandler  stm32f1xx_it.o
    0x080039d8   0x00000006   Code   RO         3389    i.USB_ReadInterrupts  stm32f1xx_ll_usb.o
    0x080039de   0x00000002   PAD
    0x080039e0   0x0000001e   Code   RO         3390    i.USB_ReadPMA       stm32f1xx_ll_usb.o
    0x080039fe   0x00000004   Code   RO         3392    i.USB_SetCurrentMode  stm32f1xx_ll_usb.o
    0x08003a02   0x0000000c   Code   RO         3393    i.USB_SetDevAddress  stm32f1xx_ll_usb.o
    0x08003a0e   0x00000026   Code   RO         3395    i.USB_WritePMA      stm32f1xx_ll_usb.o
    0x08003a34   0x00000002   Code   RO         3980    i.UsageFault_Handler  stm32f1xx_it.o
    0x08003a36   0x00000002   Code   RO         3900    i._Error_Handler    main.o
    0x08003a38   0x0000000e   Code   RO         4477    i.__scatterload_copy  mc_w.l(handlers.o)
    0x08003a46   0x00000002   Code   RO         4478    i.__scatterload_null  mc_w.l(handlers.o)
    0x08003a48   0x0000000e   Code   RO         4479    i.__scatterload_zeroinit  mc_w.l(handlers.o)
    0x08003a56   0x00000002   PAD
    0x08003a58   0x0000022c   Code   RO         3901    i.main              main.o
    0x08003c84   0x00000024   Code   RO         3902    i.printCMD          main.o
    0x08003ca8   0x00000010   Data   RO         3802    .constdata          system_stm32f1xx.o
    0x08003cb8   0x00000008   Data   RO         3803    .constdata          system_stm32f1xx.o
    0x08003cc0   0x00000020   Data   RO         4475    Region$$Table       anon$$obj.o


    Execution Region RW_IRAM1 (Base: 0x20000000, Size: 0x000013b8, Max: 0x00005000, ABSOLUTE, COMPRESSED[0x000000cc])

    Base Addr    Size         Type   Attr      Idx    E Section Name        Object

    0x20000000   0x000000db   Data   RW           19    .data               usbd_cdc.o
    0x200000db   0x00000001   PAD
    0x200000dc   0x00000038   Data   RW           20    .data               usbd_cdc.o
    0x20000114   0x00000001   Data   RW          380    .data               usbd_ctlreq.o
    0x20000115   0x00000003   PAD
    0x20000118   0x0000000c   Data   RW          761    .data               stm32f1xx_hal.o
    0x20000124   0x00000004   Data   RW         3804    .data               system_stm32f1xx.o
    0x20000128   0x00000010   Data   RW         3844    .data               usbd_cdc_if.o
    0x20000138   0x00000008   Data   RW         3845    .data               usbd_cdc_if.o
    0x20000140   0x00000014   Data   RW         3982    .data               stm32f1xx_it.o
    0x20000154   0x0000001c   Data   RW         4081    .data               usbd_desc.o
    0x20000170   0x00000016   Data   RW         4082    .data               usbd_desc.o
    0x20000186   0x00000002   PAD
    0x20000188   0x000001ac   Zero   RW         3903    .bss                main.o
    0x20000334   0x00000044   Zero   RW         3904    .bss                main.o
    0x20000378   0x0000019c   Zero   RW         3981    .bss                stm32f1xx_it.o
    0x20000514   0x00000200   Zero   RW         4080    .bss                usbd_desc.o
    0x20000714   0x00000224   Zero   RW         4142    .bss                usb_device.o
    0x20000938   0x00000680   Zero   RW         4202    .bss                usbd_conf.o
    0x20000fb8   0x00000400   Zero   RW         3790    STACK               startup_stm32f103xb.o


==============================================================================

Image component sizes


      Code (inc. data)   RO Data    RW Data    ZI Data      Debug   Object Name

      1116        174          0          0        496       5915   main.o
        36          8        236          0       1024        768   startup_stm32f103xb.o
       164         28          0         12          0       3801   stm32f1xx_hal.o
       228         14          0          0          0      27253   stm32f1xx_hal_cortex.o
       642         32          0          0          0       4043   stm32f1xx_hal_dma.o
       490         42          0          0          0       4551   stm32f1xx_hal_gpio.o
       320         18          0          0          0       2899   stm32f1xx_hal_i2c.o
       624        108          0          0          0       3565   stm32f1xx_hal_msp.o
      1810          0          0          0          0       9649   stm32f1xx_hal_pcd.o
        52          0          0          0          0       1166   stm32f1xx_hal_pcd_ex.o
        60         14          0          0          0       1065   stm32f1xx_hal_pwr.o
      1296        104          0          0          0       5584   stm32f1xx_hal_rcc.o
       236         12          0          0          0       1372   stm32f1xx_hal_rcc_ex.o
       130          0          0          0          0       1051   stm32f1xx_hal_spi_ex.o
       902         14          0          0          0       9839   stm32f1xx_hal_tim.o
        84          0          0          0          0       2318   stm32f1xx_hal_tim_ex.o
      1188         18          0          0          0       9467   stm32f1xx_hal_uart.o
       578         54          0         20        412       7709   stm32f1xx_it.o
      1666          0          0          0          0      12379   stm32f1xx_ll_usb.o
        72         16         24          4          0       1151   system_stm32f1xx.o
        56         18          0          0        548        696   usb_device.o
       590         22          0        275          0     473238   usbd_cdc.o
       136         26          0         24          0       4975   usbd_cdc_if.o
       648         48          0          0       1664      12801   usbd_conf.o
       592          0          0          0          0       8876   usbd_core.o
       986         30          0          1          0       7620   usbd_ctlreq.o
       212        116          0         50        512       4803   usbd_desc.o
       132          0          0          0          0       4168   usbd_ioreq.o

    ----------------------------------------------------------------------
     15066        916        292        392       4656     632722   Object Totals
         0          0         32          0          0          0   (incl. Generated)
        20          0          0          6          0          0   (incl. Padding)

    ----------------------------------------------------------------------

      Code (inc. data)   RO Data    RW Data    ZI Data      Debug   Library Member Name

        86          0          0          0          0          0   __dczerorl2.o
         0          0          0          0          0          0   entry.o
         0          0          0          0          0          0   entry10a.o
         0          0          0          0          0          0   entry11a.o
         8          4          0          0          0          0   entry2.o
         4          0          0          0          0          0   entry5.o
         0          0          0          0          0          0   entry7b.o
         0          0          0          0          0          0   entry8b.o
         8          4          0          0          0          0   entry9a.o
        30          0          0          0          0          0   handlers.o
        36          8          0          0          0         68   init.o
        36          0          0          0          0         68   memcpya.o
        14          0          0          0          0         68   strlen.o

    ----------------------------------------------------------------------
       226         16          0          0          0        204   Library Totals
         4          0          0          0          0          0   (incl. Padding)

    ----------------------------------------------------------------------

      Code (inc. data)   RO Data    RW Data    ZI Data      Debug   Library Name

       222         16          0          0          0        204   mc_w.l

    ----------------------------------------------------------------------
       226         16          0          0          0        204   Library Totals

    ----------------------------------------------------------------------

==============================================================================


      Code (inc. data)   RO Data    RW Data    ZI Data      Debug   

     15292        932        292        392       4656     623018   Grand Totals
     15292        932        292        204       4656     623018   ELF Image Totals (compressed)
     15292        932        292        204          0          0   ROM Totals

==============================================================================

    Total RO  Size (Code + RO Data)                15584 (  15.22kB)
    Total RW  Size (RW Data + ZI Data)              5048 (   4.93kB)
    Total ROM Size (Code + RO Data + RW Data)      15788 (  15.42kB)

==============================================================================

